Component: ARM Compiler 5.06 update 7 (build 960) Tool: armlink [4d3601]

==============================================================================

Section Cross References

    startup_stm32wb35xx_cm4.o(STACK) refers (Special) to heapauxi.o(.text) for __use_two_region_memory
    startup_stm32wb35xx_cm4.o(HEAP) refers (Special) to heapauxi.o(.text) for __use_two_region_memory
    startup_stm32wb35xx_cm4.o(RESET) refers (Special) to heapauxi.o(.text) for __use_two_region_memory
    startup_stm32wb35xx_cm4.o(RESET) refers to startup_stm32wb35xx_cm4.o(STACK) for __initial_sp
    startup_stm32wb35xx_cm4.o(RESET) refers to startup_stm32wb35xx_cm4.o(.text) for Reset_Handler
    startup_stm32wb35xx_cm4.o(RESET) refers to stm32wbxx_it.o(i.NMI_Handler) for NMI_Handler
    startup_stm32wb35xx_cm4.o(RESET) refers to stm32wbxx_it.o(i.HardFault_Handler) for HardFault_Handler
    startup_stm32wb35xx_cm4.o(RESET) refers to stm32wbxx_it.o(i.MemManage_Handler) for MemManage_Handler
    startup_stm32wb35xx_cm4.o(RESET) refers to stm32wbxx_it.o(i.BusFault_Handler) for BusFault_Handler
    startup_stm32wb35xx_cm4.o(RESET) refers to stm32wbxx_it.o(i.UsageFault_Handler) for UsageFault_Handler
    startup_stm32wb35xx_cm4.o(RESET) refers to stm32wbxx_it.o(i.SVC_Handler) for SVC_Handler
    startup_stm32wb35xx_cm4.o(RESET) refers to stm32wbxx_it.o(i.DebugMon_Handler) for DebugMon_Handler
    startup_stm32wb35xx_cm4.o(RESET) refers to stm32wbxx_it.o(i.PendSV_Handler) for PendSV_Handler
    startup_stm32wb35xx_cm4.o(RESET) refers to stm32wbxx_it.o(i.SysTick_Handler) for SysTick_Handler
    startup_stm32wb35xx_cm4.o(RESET) refers to stm32wbxx_it.o(i.RTC_WKUP_IRQHandler) for RTC_WKUP_IRQHandler
    startup_stm32wb35xx_cm4.o(RESET) refers to stm32wbxx_it.o(i.EXTI1_IRQHandler) for EXTI1_IRQHandler
    startup_stm32wb35xx_cm4.o(RESET) refers to stm32wbxx_it.o(i.TIM1_UP_TIM16_IRQHandler) for TIM1_UP_TIM16_IRQHandler
    startup_stm32wb35xx_cm4.o(RESET) refers to stm32wbxx_it.o(i.IPCC_C1_RX_IRQHandler) for IPCC_C1_RX_IRQHandler
    startup_stm32wb35xx_cm4.o(RESET) refers to stm32wbxx_it.o(i.IPCC_C1_TX_IRQHandler) for IPCC_C1_TX_IRQHandler
    startup_stm32wb35xx_cm4.o(RESET) refers to stm32wbxx_it.o(i.HSEM_IRQHandler) for HSEM_IRQHandler
    startup_stm32wb35xx_cm4.o(.text) refers (Special) to heapauxi.o(.text) for __use_two_region_memory
    startup_stm32wb35xx_cm4.o(.text) refers to system_stm32wbxx.o(i.SystemInit) for SystemInit
    startup_stm32wb35xx_cm4.o(.text) refers to __main.o(!!!main) for __main
    startup_stm32wb35xx_cm4.o(.text) refers to startup_stm32wb35xx_cm4.o(HEAP) for Heap_Mem
    startup_stm32wb35xx_cm4.o(.text) refers to startup_stm32wb35xx_cm4.o(STACK) for Stack_Mem
    main.o(i.MX_GPIO_Init) refers to rt_memclr_w.o(.text) for __aeabi_memclr4
    main.o(i.MX_GPIO_Init) refers to main.o(i.LL_AHB2_GRP1_EnableClock) for LL_AHB2_GRP1_EnableClock
    main.o(i.MX_GPIO_Init) refers to stm32wbxx_hal_gpio.o(i.HAL_GPIO_WritePin) for HAL_GPIO_WritePin
    main.o(i.MX_GPIO_Init) refers to stm32wbxx_hal_gpio.o(i.HAL_GPIO_Init) for HAL_GPIO_Init
    main.o(i.MX_GPIO_Init) refers to stm32wbxx_hal_cortex.o(i.HAL_NVIC_SetPriority) for HAL_NVIC_SetPriority
    main.o(i.MX_GPIO_Init) refers to stm32wbxx_hal_cortex.o(i.HAL_NVIC_EnableIRQ) for HAL_NVIC_EnableIRQ
    main.o(i.MX_I2C1_Init) refers to stm32wbxx_hal_i2c.o(i.HAL_I2C_Init) for HAL_I2C_Init
    main.o(i.MX_I2C1_Init) refers to stm32wbxx_hal_i2c_ex.o(i.HAL_I2CEx_ConfigAnalogFilter) for HAL_I2CEx_ConfigAnalogFilter
    main.o(i.MX_I2C1_Init) refers to stm32wbxx_hal_i2c_ex.o(i.HAL_I2CEx_ConfigDigitalFilter) for HAL_I2CEx_ConfigDigitalFilter
    main.o(i.MX_I2C1_Init) refers to main.o(.bss) for .bss
    main.o(i.MX_RTC_Init) refers to stm32wbxx_hal_rtc.o(i.HAL_RTC_Init) for HAL_RTC_Init
    main.o(i.MX_RTC_Init) refers to stm32wbxx_hal_rtc_ex.o(i.HAL_RTCEx_SetWakeUpTimer_IT) for HAL_RTCEx_SetWakeUpTimer_IT
    main.o(i.MX_RTC_Init) refers to main.o(.bss) for .bss
    main.o(i.MX_SPI1_Init) refers to stm32wbxx_hal_spi.o(i.HAL_SPI_Init) for HAL_SPI_Init
    main.o(i.MX_SPI1_Init) refers to main.o(.bss) for .bss
    main.o(i.MX_TIM1_Init) refers to rt_memclr_w.o(.text) for __aeabi_memclr4
    main.o(i.MX_TIM1_Init) refers to stm32wbxx_hal_tim.o(i.HAL_TIM_Base_Init) for HAL_TIM_Base_Init
    main.o(i.MX_TIM1_Init) refers to stm32wbxx_hal_tim.o(i.HAL_TIM_ConfigClockSource) for HAL_TIM_ConfigClockSource
    main.o(i.MX_TIM1_Init) refers to stm32wbxx_hal_tim.o(i.HAL_TIM_PWM_Init) for HAL_TIM_PWM_Init
    main.o(i.MX_TIM1_Init) refers to stm32wbxx_hal_tim_ex.o(i.HAL_TIMEx_MasterConfigSynchronization) for HAL_TIMEx_MasterConfigSynchronization
    main.o(i.MX_TIM1_Init) refers to stm32wbxx_hal_tim.o(i.HAL_TIM_PWM_ConfigChannel) for HAL_TIM_PWM_ConfigChannel
    main.o(i.MX_TIM1_Init) refers to stm32wbxx_hal_tim_ex.o(i.HAL_TIMEx_ConfigBreakDeadTime) for HAL_TIMEx_ConfigBreakDeadTime
    main.o(i.MX_TIM1_Init) refers to stm32wbxx_hal_msp.o(i.HAL_TIM_MspPostInit) for HAL_TIM_MspPostInit
[...]
    __user_initial_stackheap                 0x08000219   Thumb Code     0  startup_stm32wb35xx_cm4.o(.text)
    strlen                                   0x0800023d   Thumb Code    62  strlen.o(.text)
    __aeabi_memcpy                           0x0800027b   Thumb Code     0  rt_memcpy_v6.o(.text)
    __rt_memcpy                              0x0800027b   Thumb Code   138  rt_memcpy_v6.o(.text)
    _memcpy_lastbytes                        0x080002e1   Thumb Code     0  rt_memcpy_v6.o(.text)
    memcpy                                   0x08000305   Thumb Code     8  memcpy.o(.text)
    __aeabi_memcpy4                          0x0800030d   Thumb Code     0  rt_memcpy_w.o(.text)
    __aeabi_memcpy8                          0x0800030d   Thumb Code     0  rt_memcpy_w.o(.text)
    __rt_memcpy_w                            0x0800030d   Thumb Code   100  rt_memcpy_w.o(.text)
    _memcpy_lastbytes_aligned                0x08000355   Thumb Code     0  rt_memcpy_w.o(.text)
    memset                                   0x08000371   Thumb Code    22  memset.o(.text)
    __aeabi_memclr                           0x08000387   Thumb Code     0  rt_memclr.o(.text)
    __rt_memclr                              0x08000387   Thumb Code    68  rt_memclr.o(.text)
    _memset                                  0x0800038b   Thumb Code     0  rt_memclr.o(.text)
    __aeabi_memclr4                          0x080003cb   Thumb Code     0  rt_memclr_w.o(.text)
    __aeabi_memclr8                          0x080003cb   Thumb Code     0  rt_memclr_w.o(.text)
    __rt_memclr_w                            0x080003cb   Thumb Code    78  rt_memclr_w.o(.text)
    _memset_w                                0x080003cf   Thumb Code     0  rt_memclr_w.o(.text)
    __use_two_region_memory                  0x08000419   Thumb Code     2  heapauxi.o(.text)
    __rt_heap_escrow                         0x0800041b   Thumb Code     2  heapauxi.o(.text)
    __rt_heap_expand                         0x0800041d   Thumb Code     2  heapauxi.o(.text)
    __user_libspace                          0x08000421   Thumb Code     8  libspace.o(.text)
    __user_perproc_libspace                  0x08000421   Thumb Code     0  libspace.o(.text)
    __user_perthread_libspace                0x08000421   Thumb Code     0  libspace.o(.text)
    __user_setup_stackheap                   0x08000429   Thumb Code    74  sys_stackheap_outer.o(.text)
    exit                                     0x08000473   Thumb Code    18  exit.o(.text)
    __I$use$semihosting                      0x08000485   Thumb Code     0  use_no_semi.o(.text)
    __use_no_semihosting_swi                 0x08000485   Thumb Code     2  use_no_semi.o(.text)
    __semihosting_library_function           0x08000487   Thumb Code     0  indicate_semi.o(.text)
    _sys_exit                                0x08000489   Thumb Code     8  sys_exit.o(.text)
    APPD_EnableCPU2                          0x08000495   Thumb Code    28  app_debug.o(i.APPD_EnableCPU2)
    APPD_Init                                0x080004b5   Thumb Code    28  app_debug.o(i.APPD_Init)
    APP_BLE_Init                             0x08000621   Thumb Code   116  app_ble.o(i.APP_BLE_Init)
    BAS_Init                                 0x08000709   Thumb Code     2  svc_ctl.o(i.BAS_Init)
    BLS_Init                                 0x08000733   Thumb Code     2  svc_ctl.o(i.BLS_Init)
    BVOPUS_STM_Init                          0x08000735   Thumb Code     2  svc_ctl.o(i.BVOPUS_STM_Init)
    BusFault_Handler                         0x08000861   Thumb Code     2  stm32wbxx_it.o(i.BusFault_Handler)
    CAP1203_Exit_PWR                         0x08000863   Thumb Code    22  stm32_cap1203.o(i.CAP1203_Exit_PWR)
    CAP1203_Get_CS1_State                    0x08000879   Thumb Code    14  stm32_cap1203.o(i.CAP1203_Get_CS1_State)
    CAP1203_Get_CS2_State                    0x08000887   Thumb Code    18  stm32_cap1203.o(i.CAP1203_Get_CS2_State)
    CAP1203_Get_CS3_State                    0x08000899   Thumb Code    18  stm32_cap1203.o(i.CAP1203_Get_CS3_State)
    CAP1203_Get_CS_State                     0x080008ab   Thumb Code     6  stm32_cap1203.o(i.CAP1203_Get_CS_State)
    CAP1203_Go_PWR                           0x080008b1   Thumb Code    28  stm32_cap1203.o(i.CAP1203_Go_PWR)
    CAP1203_Go_Standby                       0x080008cd   Thumb Code    22  stm32_cap1203.o(i.CAP1203_Go_Standby)
    CAP1203_Init                             0x080008e5   Thumb Code    88  stm32_cap1203.o(i.CAP1203_Init)
    CAP1203_Int_Clr                          0x08000941   Thumb Code    22  stm32_cap1203.o(i.CAP1203_Int_Clr)
    CAP1203_Int_Enb                          0x08000957   Thumb Code     8  stm32_cap1203.o(i.CAP1203_Int_Enb)
    CAP1203_Set_PWR_CS                       0x0800095f   Thumb Code     8  stm32_cap1203.o(i.CAP1203_Set_PWR_CS)
    CAP1203_Set_PWR_Time                     0x08000967   Thumb Code    10  stm32_cap1203.o(i.CAP1203_Set_PWR_Time)
    CAP1203_Set_Sensitivity                  0x08000971   Thumb Code    14  stm32_cap1203.o(i.CAP1203_Set_Sensitivity)
    CAP1203_Set_Standby_CS                   0x0800097f   Thumb Code     8  stm32_cap1203.o(i.CAP1203_Set_Standby_CS)
    CAP1203_Set_Standby_Sensitivity          0x08000987   Thumb Code     8  stm32_cap1203.o(i.CAP1203_Set_Standby_Sensitivity)
    CRS_STM_Init                             0x0800098f   Thumb Code     2  svc_ctl.o(i.CRS_STM_Init)
    Custom_APP_Init                          0x080009bd   Thumb Code     2  custom_app.o(i.Custom_APP_Init)
    Custom_APP_Notification                  0x080009c1   Thumb Code    46  custom_app.o(i.Custom_APP_Notification)
    Custom_STM_App_Notification              0x08000a01   Thumb Code   188  custom_app.o(i.Custom_STM_App_Notification)
    DIS_Init                                 0x08000b95   Thumb Code     2  svc_ctl.o(i.DIS_Init)
    DebugMon_Handler                         0x08000b97   Thumb Code     2  stm32wbxx_it.o(i.DebugMon_Handler)
    EDS_STM_Init                             0x08000b99   Thumb Code     2  svc_ctl.o(i.EDS_STM_Init)
    EXTI1_IRQHandler                         0x08000b9d   Thumb Code    26  stm32wbxx_it.o(i.EXTI1_IRQHandler)
    Error_Handler                            0x08000bc1   Thumb Code     4  main.o(i.Error_Handler)
    HAL_DBGMCU_EnableDBGSleepMode            0x08000bc5   Thumb Code    12  stm32wbxx_hal.o(i.HAL_DBGMCU_EnableDBGSleepMode)
    HAL_DBGMCU_EnableDBGStopMode             0x08000bd5   Thumb Code    12  stm32wbxx_hal.o(i.HAL_DBGMCU_EnableDBGStopMode)
    HAL_Delay                                0x08000be5   Thumb Code    48  app_entry.o(i.HAL_Delay)
    HAL_GPIO_EXTI_Callback                   0x08000c19   Thumb Code     2  stm32wbxx_hal_gpio.o(i.HAL_GPIO_EXTI_Callback)
    HAL_GPIO_EXTI_IRQHandler                 0x08000c1d   Thumb Code    18  stm32wbxx_hal_gpio.o(i.HAL_GPIO_EXTI_IRQHandler)
    HAL_GPIO_Init                            0x08000c35   Thumb Code   486  stm32wbxx_hal_gpio.o(i.HAL_GPIO_Init)
    HAL_GPIO_WritePin                        0x08000e31   Thumb Code    10  stm32wbxx_hal_gpio.o(i.HAL_GPIO_WritePin)
    HAL_GetTick                              0x08000e3d   Thumb Code     6  stm32wbxx_hal.o(i.HAL_GetTick)
    HAL_GetTickFreq                          0x08000e49   Thumb Code     6  stm32wbxx_hal.o(i.HAL_GetTickFreq)
    HAL_GetTickPrio                          0x08000e55   Thumb Code     6  stm32wbxx_hal.o(i.HAL_GetTickPrio)
    HAL_HSEM_FreeCallback                    0x08000e61   Thumb Code     2  stm32wbxx_hal_hsem.o(i.HAL_HSEM_FreeCallback)
    HAL_HSEM_IRQHandler                      0x08000e65   Thumb Code    26  stm32wbxx_hal_hsem.o(i.HAL_HSEM_IRQHandler)
    HAL_I2CEx_ConfigAnalogFilter             0x08000e85   Thumb Code    86  stm32wbxx_hal_i2c_ex.o(i.HAL_I2CEx_ConfigAnalogFilter)
    HAL_I2CEx_ConfigDigitalFilter            0x08000edb   Thumb Code    82  stm32wbxx_hal_i2c_ex.o(i.HAL_I2CEx_ConfigDigitalFilter)
    HAL_I2C_Init                             0x08000f2d   Thumb Code   178  stm32wbxx_hal_i2c.o(i.HAL_I2C_Init)
    HAL_I2C_Master_Receive                   0x08000fe5   Thumb Code   282  stm32wbxx_hal_i2c.o(i.HAL_I2C_Master_Receive)
    HAL_I2C_Master_Transmit                  0x08001109   Thumb Code   282  stm32wbxx_hal_i2c.o(i.HAL_I2C_Master_Transmit)
    HAL_I2C_MspInit                          0x0800122d   Thumb Code    96  stm32wbxx_hal_msp.o(i.HAL_I2C_MspInit)
    HAL_IPCC_Init                            0x08001295   Thumb Code    62  stm32wbxx_hal_ipcc.o(i.HAL_IPCC_Init)
    HAL_IPCC_MspInit                         0x080012d9   Thumb Code    56  stm32wbxx_hal_msp.o(i.HAL_IPCC_MspInit)
    HAL_IPCC_RxCallback                      0x08001315   Thumb Code     2  stm32wbxx_hal_ipcc.o(i.HAL_IPCC_RxCallback)
    HAL_IPCC_TxCallback                      0x08001317   Thumb Code     2  stm32wbxx_hal_ipcc.o(i.HAL_IPCC_TxCallback)
    HAL_IncTick                              0x08001319   Thumb Code    12  stm32wbxx_hal.o(i.HAL_IncTick)
    HAL_Init                                 0x08001329   Thumb Code    40  stm32wbxx_hal.o(i.HAL_Init)
    HAL_InitTick                             0x08001355   Thumb Code    60  stm32wbxx_hal.o(i.HAL_InitTick)
    HAL_MspInit                              0x08001395   Thumb Code    30  stm32wbxx_hal_msp.o(i.HAL_MspInit)
    HAL_NVIC_ClearPendingIRQ                 0x080013b3   Thumb Code    26  stm32wbxx_hal_cortex.o(i.HAL_NVIC_ClearPendingIRQ)
    HAL_NVIC_DisableIRQ                      0x080013cd   Thumb Code    34  stm32wbxx_hal_cortex.o(i.HAL_NVIC_DisableIRQ)
    HAL_NVIC_EnableIRQ                       0x080013ef   Thumb Code    26  stm32wbxx_hal_cortex.o(i.HAL_NVIC_EnableIRQ)
    HAL_NVIC_SetPendingIRQ                   0x08001409   Thumb Code    26  stm32wbxx_hal_cortex.o(i.HAL_NVIC_SetPendingIRQ)
    HAL_NVIC_SetPriority                     0x08001425   Thumb Code    60  stm32wbxx_hal_cortex.o(i.HAL_NVIC_SetPriority)
    HAL_NVIC_SetPriorityGrouping             0x08001465   Thumb Code    26  stm32wbxx_hal_cortex.o(i.HAL_NVIC_SetPriorityGrouping)
    HAL_PWREx_GetVoltageRange                0x08001489   Thumb Code    10  stm32wbxx_hal_pwr_ex.o(i.HAL_PWREx_GetVoltageRange)
    HAL_PWR_DisableWakeUpPin                 0x08001499   Thumb Code    14  stm32wbxx_hal_pwr.o(i.HAL_PWR_DisableWakeUpPin)
    HAL_PWR_EnableBkUpAccess                 0x080014ad   Thumb Code    12  stm32wbxx_hal_pwr.o(i.HAL_PWR_EnableBkUpAccess)
    HAL_RCCEx_PeriphCLKConfig                0x080014bd   Thumb Code   530  stm32wbxx_hal_rcc_ex.o(i.HAL_RCCEx_PeriphCLKConfig)
    HAL_RCC_ClockConfig                      0x080016d1   Thumb Code   496  stm32wbxx_hal_rcc.o(i.HAL_RCC_ClockConfig)
    HAL_RCC_GetHCLKFreq                      0x080018c9   Thumb Code    30  stm32wbxx_hal_rcc.o(i.HAL_RCC_GetHCLKFreq)
    HAL_RCC_GetSysClockFreq                  0x080018ed   Thumb Code   140  stm32wbxx_hal_rcc.o(i.HAL_RCC_GetSysClockFreq)
    HAL_RCC_OscConfig                        0x08001981   Thumb Code  1406  stm32wbxx_hal_rcc.o(i.HAL_RCC_OscConfig)
    HAL_RTCEx_SetWakeUpTimer_IT              0x08001f05   Thumb Code   250  stm32wbxx_hal_rtc_ex.o(i.HAL_RTCEx_SetWakeUpTimer_IT)
    HAL_RTC_Init                             0x08002005   Thumb Code   194  stm32wbxx_hal_rtc.o(i.HAL_RTC_Init)
    HAL_RTC_MspInit                          0x080020cd   Thumb Code    84  stm32wbxx_hal_msp.o(i.HAL_RTC_MspInit)
    HAL_RTC_WaitForSynchro                   0x08002125   Thumb Code    54  stm32wbxx_hal_rtc.o(i.HAL_RTC_WaitForSynchro)
    HAL_SPI_Init                             0x0800215b   Thumb Code   224  stm32wbxx_hal_spi.o(i.HAL_SPI_Init)
    HAL_SPI_MspInit                          0x0800223d   Thumb Code    66  stm32wbxx_hal_msp.o(i.HAL_SPI_MspInit)
    HAL_SPI_Transmit                         0x08002285   Thumb Code   392  stm32wbxx_hal_spi.o(i.HAL_SPI_Transmit)
    HAL_SYSTICK_Config                       0x0800240d   Thumb Code    40  stm32wbxx_hal_cortex.o(i.HAL_SYSTICK_Config)
    HAL_TIMEx_Break2Callback                 0x08002435   Thumb Code     2  stm32wbxx_hal_tim_ex.o(i.HAL_TIMEx_Break2Callback)
    HAL_TIMEx_BreakCallback                  0x08002437   Thumb Code     2  stm32wbxx_hal_tim_ex.o(i.HAL_TIMEx_BreakCallback)
    HAL_TIMEx_CommutCallback                 0x08002439   Thumb Code     2  stm32wbxx_hal_tim_ex.o(i.HAL_TIMEx_CommutCallback)
    HAL_TIMEx_ConfigBreakDeadTime            0x0800243d   Thumb Code   158  stm32wbxx_hal_tim_ex.o(i.HAL_TIMEx_ConfigBreakDeadTime)
    HAL_TIMEx_MasterConfigSynchronization    0x080024e1   Thumb Code    94  stm32wbxx_hal_tim_ex.o(i.HAL_TIMEx_MasterConfigSynchronization)
    HAL_TIM_Base_Init                        0x08002545   Thumb Code    98  stm32wbxx_hal_tim.o(i.HAL_TIM_Base_Init)
    HAL_TIM_Base_MspInit                     0x080025a9   Thumb Code    38  stm32wbxx_hal_msp.o(i.HAL_TIM_Base_MspInit)
    HAL_TIM_ConfigClockSource                0x080025d5   Thumb Code   220  stm32wbxx_hal_tim.o(i.HAL_TIM_ConfigClockSource)
    HAL_TIM_IC_CaptureCallback               0x080026b5   Thumb Code     2  stm32wbxx_hal_tim.o(i.HAL_TIM_IC_CaptureCallback)
    HAL_TIM_IRQHandler                       0x080026b7   Thumb Code   388  stm32wbxx_hal_tim.o(i.HAL_TIM_IRQHandler)
    HAL_TIM_MspPostInit                      0x0800283d   Thumb Code    62  stm32wbxx_hal_msp.o(i.HAL_TIM_MspPostInit)
    HAL_TIM_OC_DelayElapsedCallback          0x08002881   Thumb Code     2  stm32wbxx_hal_tim.o(i.HAL_TIM_OC_DelayElapsedCallback)
    HAL_TIM_PWM_ConfigChannel                0x08002883   Thumb Code   292  stm32wbxx_hal_tim.o(i.HAL_TIM_PWM_ConfigChannel)
    HAL_TIM_PWM_Init                         0x080029a7   Thumb Code    98  stm32wbxx_hal_tim.o(i.HAL_TIM_PWM_Init)
    HAL_TIM_PWM_MspInit                      0x08002a09   Thumb Code     2  stm32wbxx_hal_tim.o(i.HAL_TIM_PWM_MspInit)
    HAL_TIM_PWM_PulseFinishedCallback        0x08002a0b   Thumb Code     2  stm32wbxx_hal_tim.o(i.HAL_TIM_PWM_PulseFinishedCallback)
    HAL_TIM_PWM_Start                        0x08002a0d   Thumb Code   186  stm32wbxx_hal_tim.o(i.HAL_TIM_PWM_Start)
    HAL_TIM_PeriodElapsedCallback            0x08002ad9   Thumb Code     2  stm32wbxx_hal_tim.o(i.HAL_TIM_PeriodElapsedCallback)
    HAL_TIM_TriggerCallback                  0x08002adb   Thumb Code     2  stm32wbxx_hal_tim.o(i.HAL_TIM_TriggerCallback)
    HIDS_Init                                0x08002add   Thumb Code     2  svc_ctl.o(i.HIDS_Init)
    HRS_Init                                 0x08002adf   Thumb Code     2  svc_ctl.o(i.HRS_Init)
    HSEM_IRQHandler                          0x08002ae1   Thumb Code     4  stm32wbxx_it.o(i.HSEM_IRQHandler)
    HTS_Init                                 0x08002ae5   Thumb Code     2  svc_ctl.o(i.HTS_Init)
    HW_IPCC_BLE_AclDataAckNot                0x08002ae9   Thumb Code     6  tl_mbox.o(i.HW_IPCC_BLE_AclDataAckNot)
    HW_IPCC_BLE_Init                         0x08002af5   Thumb Code    12  hw_ipcc.o(i.HW_IPCC_BLE_Init)
    HW_IPCC_BLE_RxEvtNot                     0x08002b05   Thumb Code    54  tl_mbox.o(i.HW_IPCC_BLE_RxEvtNot)
    HW_IPCC_BLE_SendCmd                      0x08002b45   Thumb Code    10  hw_ipcc.o(i.HW_IPCC_BLE_SendCmd)
    HW_IPCC_Enable                           0x08002b55   Thumb Code    66  hw_ipcc.o(i.HW_IPCC_Enable)
    HW_IPCC_Init                             0x08002ba1   Thumb Code    56  hw_ipcc.o(i.HW_IPCC_Init)
    HW_IPCC_MM_SendFreeBuf                   0x08002bdd   Thumb Code    40  hw_ipcc.o(i.HW_IPCC_MM_SendFreeBuf)
    HW_IPCC_Rx_Handler                       0x08002c0d   Thumb Code    88  hw_ipcc.o(i.HW_IPCC_Rx_Handler)
    HW_IPCC_SYS_CmdEvtNot                    0x08002c69   Thumb Code    28  tl_mbox.o(i.HW_IPCC_SYS_CmdEvtNot)
    HW_IPCC_SYS_EvtNot                       0x08002c8d   Thumb Code    40  tl_mbox.o(i.HW_IPCC_SYS_EvtNot)
    HW_IPCC_SYS_Init                         0x08002cbd   Thumb Code    12  hw_ipcc.o(i.HW_IPCC_SYS_Init)
    HW_IPCC_SYS_SendCmd                      0x08002ccd   Thumb Code    18  hw_ipcc.o(i.HW_IPCC_SYS_SendCmd)
    HW_IPCC_TRACES_EvtNot                    0x08002ce5   Thumb Code    30  tl_mbox.o(i.HW_IPCC_TRACES_EvtNot)
    HW_IPCC_TRACES_Init                      0x08002d09   Thumb Code    12  hw_ipcc.o(i.HW_IPCC_TRACES_Init)
    HW_IPCC_Tx_Handler                       0x08002d19   Thumb Code   112  hw_ipcc.o(i.HW_IPCC_Tx_Handler)
    HW_TS_Init                               0x08002d91   Thumb Code   268  hw_timerserver.o(i.HW_TS_Init)
    HW_TS_RTC_Int_AppNot                     0x08002ead   Thumb Code     2  hw_timerserver.o(i.HW_TS_RTC_Int_AppNot)
    HW_TS_RTC_Wakeup_Handler                 0x08002eb1   Thumb Code   186  hw_timerserver.o(i.HW_TS_RTC_Wakeup_Handler)
    HW_TS_Start                              0x08002f79   Thumb Code   118  hw_timerserver.o(i.HW_TS_Start)
    HW_TS_Stop                               0x08002ff9   Thumb Code   166  hw_timerserver.o(i.HW_TS_Stop)
    HardFault_Handler                        0x080030b1   Thumb Code     2  stm32wbxx_it.o(i.HardFault_Handler)
    IAS_Init                                 0x08003359   Thumb Code     2  svc_ctl.o(i.IAS_Init)
    IPCC_C1_RX_IRQHandler                    0x0800335b   Thumb Code     4  stm32wbxx_it.o(i.IPCC_C1_RX_IRQHandler)
    IPCC_C1_TX_IRQHandler                    0x0800335f   Thumb Code     4  stm32wbxx_it.o(i.IPCC_C1_TX_IRQHandler)
    IPCC_Reset_Register                      0x08003363   Thumb Code    16  stm32wbxx_hal_ipcc.o(i.IPCC_Reset_Register)
    IPCC_SetDefaultCallbacks                 0x08003375   Thumb Code    24  stm32wbxx_hal_ipcc.o(i.IPCC_SetDefaultCallbacks)
    Init_Exti                                0x08003395   Thumb Code     8  app_entry.o(i.Init_Exti)
    LLS_Init                                 0x080033a1   Thumb Code     2  svc_ctl.o(i.LLS_Init)
    LST_init_head                            0x0800356f   Thumb Code     6  stm_list.o(i.LST_init_head)
    LST_insert_head                          0x08003575   Thumb Code    24  stm_list.o(i.LST_insert_head)
    LST_insert_tail                          0x0800358d   Thumb Code    24  stm_list.o(i.LST_insert_tail)
    LST_is_empty                             0x080035a5   Thumb Code    24  stm_list.o(i.LST_is_empty)
    LST_remove_head                          0x080035bd   Thumb Code    24  stm_list.o(i.LST_remove_head)
    LST_remove_node                          0x080035d5   Thumb Code    24  stm_list.o(i.LST_remove_node)
    MESH_Init                                0x08003629   Thumb Code     2  svc_ctl.o(i.MESH_Init)
    MOTENV_STM_Init                          0x0800362b   Thumb Code     2  svc_ctl.o(i.MOTENV_STM_Init)
    MX_APPE_Config                           0x0800362d   Thumb Code    50  app_entry.o(i.MX_APPE_Config)
    MX_APPE_Init                             0x08003669   Thumb Code   146  app_entry.o(i.MX_APPE_Init)
    MX_APPE_Process                          0x0800371d   Thumb Code     8  app_entry.o(i.MX_APPE_Process)
    MemManage_Handler                        0x08003981   Thumb Code     2  stm32wbxx_it.o(i.MemManage_Handler)
    NMI_Handler                              0x08003983   Thumb Code     2  stm32wbxx_it.o(i.NMI_Handler)
    OTAS_STM_Init                            0x080039a1   Thumb Code     2  svc_ctl.o(i.OTAS_STM_Init)
    OTP_Read                                 0x080039a5   Thumb Code    30  otp.o(i.OTP_Read)
    Osal_MemCpy                              0x080039cd   Thumb Code     4  osal.o(i.Osal_MemCpy)
    Osal_MemSet                              0x080039d1   Thumb Code     4  osal.o(i.Osal_MemSet)
    P2PS_STM_Init                            0x080039d7   Thumb Code     2  svc_ctl.o(i.P2PS_STM_Init)
    PendSV_Handler                           0x080039d9   Thumb Code     2  stm32wbxx_it.o(i.PendSV_Handler)
    PeriphCommonClock_Config                 0x080039db   Thumb Code    50  main.o(i.PeriphCommonClock_Config)
    RTC_EnterInitMode                        0x08003c45   Thumb Code    58  stm32wbxx_hal_rtc.o(i.RTC_EnterInitMode)
    RTC_WKUP_IRQHandler                      0x08003c7f   Thumb Code     4  stm32wbxx_it.o(i.RTC_WKUP_IRQHandler)
    SEQ_BitPosition                          0x08003e6d   Thumb Code    46  stm32_seq.o(i.SEQ_BitPosition)
    SHCI_C2_BLE_Init                         0x08003ea1   Thumb Code    26  shci.o(i.SHCI_C2_BLE_Init)
    SHCI_C2_Config                           0x08003ebb   Thumb Code    24  shci.o(i.SHCI_C2_Config)
    SHCI_C2_DEBUG_Init                       0x08003ed3   Thumb Code    26  shci.o(i.SHCI_C2_DEBUG_Init)
    SHCI_GetWirelessFwInfo                   0x08003eed   Thumb Code   116  shci.o(i.SHCI_GetWirelessFwInfo)
    SVCCTL_App_Notification                  0x0800414d   Thumb Code   164  app_ble.o(i.SVCCTL_App_Notification)
    SVCCTL_Init                              0x080041fd   Thumb Code    18  svc_ctl.o(i.SVCCTL_Init)
    SVCCTL_InitCustomSvc                     0x08004215   Thumb Code   684  custom_stm.o(i.SVCCTL_InitCustomSvc)
    SVCCTL_RegisterSvcHandler                0x080044c9   Thumb Code    16  svc_ctl.o(i.SVCCTL_RegisterSvcHandler)
    SVCCTL_SvcInit                           0x080044dd   Thumb Code    76  svc_ctl.o(i.SVCCTL_SvcInit)
    SVCCTL_UserEvtRx                         0x08004529   Thumb Code    78  svc_ctl.o(i.SVCCTL_UserEvtRx)
    SVC_Handler                              0x0800457d   Thumb Code     2  stm32wbxx_it.o(i.SVC_Handler)
    SysTick_Handler                          0x080045ad   Thumb Code     4  stm32wbxx_it.o(i.SysTick_Handler)
    SystemClock_Config                       0x080045b1   Thumb Code   142  main.o(i.SystemClock_Config)
    SystemInit                               0x08004645   Thumb Code    78  system_stm32wbxx.o(i.SystemInit)
    TIM1_UP_TIM16_IRQHandler                 0x080046a1   Thumb Code     6  stm32wbxx_it.o(i.TIM1_UP_TIM16_IRQHandler)
    TIM_Base_SetConfig                       0x080046ad   Thumb Code    94  stm32wbxx_hal_tim.o(i.TIM_Base_SetConfig)
    TIM_CCxChannelCmd                        0x08004719   Thumb Code    26  stm32wbxx_hal_tim.o(i.TIM_CCxChannelCmd)
    TIM_ETR_SetConfig                        0x08004733   Thumb Code    20  stm32wbxx_hal_tim.o(i.TIM_ETR_SetConfig)
    TIM_OC2_SetConfig                        0x080047d5   Thumb Code   102  stm32wbxx_hal_tim.o(i.TIM_OC2_SetConfig)
    TL_BLE_Init                              0x08004a21   Thumb Code    48  tl_mbox.o(i.TL_BLE_Init)
    TL_BLE_SendCmd                           0x08004a61   Thumb Code    30  tl_mbox.o(i.TL_BLE_SendCmd)
    TL_Enable                                0x08004a85   Thumb Code     4  tl_mbox.o(i.TL_Enable)
    TL_Init                                  0x08004a89   Thumb Code    46  tl_mbox.o(i.TL_Init)
    TL_MM_EvtDone                            0x08004ac1   Thumb Code    30  tl_mbox.o(i.TL_MM_EvtDone)
    TL_MM_Init                               0x08004ae9   Thumb Code    56  tl_mbox.o(i.TL_MM_Init)
    TL_SYS_Init                              0x08004b2d   Thumb Code    40  tl_mbox.o(i.TL_SYS_Init)
    TL_SYS_SendCmd                           0x08004b61   Thumb Code    30  tl_mbox.o(i.TL_SYS_SendCmd)
    TL_TRACES_EvtReceived                    0x08004b85   Thumb Code     2  tl_mbox.o(i.TL_TRACES_EvtReceived)
    TL_TRACES_Init                           0x08004b89   Thumb Code    24  tl_mbox.o(i.TL_TRACES_Init)
    TPS_Init                                 0x08004ba9   Thumb Code     2  svc_ctl.o(i.TPS_Init)
    UTIL_LPM_Init                            0x08004c05   Thumb Code    10  stm32_lpm.o(i.UTIL_LPM_Init)
    UTIL_LPM_SetOffMode                      0x08004c15   Thumb Code    32  stm32_lpm.o(i.UTIL_LPM_SetOffMode)
    UTIL_SEQ_EvtIdle                         0x08004c39   Thumb Code     8  app_entry.o(i.UTIL_SEQ_EvtIdle)
    UTIL_SEQ_Idle                            0x08004c41   Thumb Code     2  app_entry.o(i.UTIL_SEQ_Idle)
    UTIL_SEQ_PauseTask                       0x08004c45   Thumb Code    20  stm32_seq.o(i.UTIL_SEQ_PauseTask)
    UTIL_SEQ_PostIdle                        0x08004c5d   Thumb Code     2  stm32_seq.o(i.UTIL_SEQ_PostIdle)
    UTIL_SEQ_PreIdle                         0x08004c5f   Thumb Code     2  stm32_seq.o(i.UTIL_SEQ_PreIdle)
    UTIL_SEQ_RegTask                         0x08004c61   Thumb Code    26  stm32_seq.o(i.UTIL_SEQ_RegTask)
    UTIL_SEQ_ResumeTask                      0x08004c81   Thumb Code    20  stm32_seq.o(i.UTIL_SEQ_ResumeTask)
    UTIL_SEQ_Run                             0x08004c99   Thumb Code   212  stm32_seq.o(i.UTIL_SEQ_Run)
    UTIL_SEQ_SetEvt                          0x08004d75   Thumb Code    20  stm32_seq.o(i.UTIL_SEQ_SetEvt)
    UTIL_SEQ_SetTask                         0x08004d8d   Thumb Code    34  stm32_seq.o(i.UTIL_SEQ_SetTask)
    UTIL_SEQ_WaitEvt                         0x08004db9   Thumb Code    66  stm32_seq.o(i.UTIL_SEQ_WaitEvt)
    UsageFault_Handler                       0x08004e59   Thumb Code     2  stm32wbxx_it.o(i.UsageFault_Handler)
    ZDD_STM_Init                             0x08004e5b   Thumb Code     2  svc_ctl.o(i.ZDD_STM_Init)
    aci_gap_configure_whitelist              0x08004e7d   Thumb Code    64  ble_gap_aci.o(i.aci_gap_configure_whitelist)
    aci_gap_init                             0x08004ebd   Thumb Code   132  ble_gap_aci.o(i.aci_gap_init)
    aci_gap_numeric_comparison_value_confirm_yesno 0x08004f41   Thumb Code    80  ble_gap_aci.o(i.aci_gap_numeric_comparison_value_confirm_yesno)
    aci_gap_pass_key_resp                    0x08004f91   Thumb Code    80  ble_gap_aci.o(i.aci_gap_pass_key_resp)
    aci_gap_set_authentication_requirement   0x08004fe1   Thumb Code   114  ble_gap_aci.o(i.aci_gap_set_authentication_requirement)
    aci_gap_set_discoverable                 0x08005053   Thumb Code   162  ble_gap_aci.o(i.aci_gap_set_discoverable)
    aci_gap_set_io_capability                0x080050f5   Thumb Code    74  ble_gap_aci.o(i.aci_gap_set_io_capability)
    aci_gap_set_non_discoverable             0x0800513f   Thumb Code    64  ble_gap_aci.o(i.aci_gap_set_non_discoverable)
    aci_gap_update_adv_data                  0x0800517f   Thumb Code    88  ble_gap_aci.o(i.aci_gap_update_adv_data)
    aci_gatt_add_char                        0x080051d7   Thumb Code   190  ble_gatt_aci.o(i.aci_gatt_add_char)
    aci_gatt_add_service                     0x08005295   Thumb Code   170  ble_gatt_aci.o(i.aci_gatt_add_service)
    aci_gatt_init                            0x0800533f   Thumb Code    66  ble_gatt_aci.o(i.aci_gatt_init)
    aci_gatt_update_char_value               0x08005381   Thumb Code   108  ble_gatt_aci.o(i.aci_gatt_update_char_value)
    aci_gatt_write_resp                      0x080053ed   Thumb Code   112  ble_gatt_aci.o(i.aci_gatt_write_resp)
    aci_hal_set_radio_activity_mask          0x0800545d   Thumb Code    74  ble_hal_aci.o(i.aci_hal_set_radio_activity_mask)
    aci_hal_set_tx_power_level               0x080054a7   Thumb Code    80  ble_hal_aci.o(i.aci_hal_set_tx_power_level)
    aci_hal_write_config_data                0x080054f7   Thumb Code    98  ble_hal_aci.o(i.aci_hal_write_config_data)
    hci_cmd_resp_release                     0x08005559   Thumb Code     6  app_ble.o(i.hci_cmd_resp_release)
    hci_cmd_resp_wait                        0x0800555f   Thumb Code     6  app_ble.o(i.hci_cmd_resp_wait)
    hci_init                                 0x08005565   Thumb Code    64  hci_tl.o(i.hci_init)
    hci_le_set_default_phy                   0x080055b5   Thumb Code    84  ble_hci_le.o(i.hci_le_set_default_phy)
    hci_notify_asynch_evt                    0x08005609   Thumb Code     8  app_ble.o(i.hci_notify_asynch_evt)
    hci_register_io_bus                      0x08005611   Thumb Code    10  hci_tl_if.o(i.hci_register_io_bus)
    hci_reset                                0x08005625   Thumb Code    62  ble_hci_le.o(i.hci_reset)
    hci_send_req                             0x08005665   Thumb Code   168  hci_tl.o(i.hci_send_req)
    hci_user_evt_proc                        0x08005719   Thumb Code    98  hci_tl.o(i.hci_user_evt_proc)
    main                                     0x08005831   Thumb Code   274  main.o(i.main)
    shci_cmd_resp_release                    0x08005991   Thumb Code     6  app_entry.o(i.shci_cmd_resp_release)
    shci_cmd_resp_wait                       0x08005997   Thumb Code     6  app_entry.o(i.shci_cmd_resp_wait)
    shci_init                                0x0800599d   Thumb Code    66  shci_tl.o(i.shci_init)
    shci_notify_asynch_evt                   0x080059f5   Thumb Code     8  app_entry.o(i.shci_notify_asynch_evt)
    shci_register_io_bus                     0x080059fd   Thumb Code    10  shci_tl_if.o(i.shci_register_io_bus)
    shci_send                                0x08005a11   Thumb Code    82  shci_tl.o(i.shci_send)
    shci_user_evt_proc                       0x08005a6d   Thumb Code    98  shci_tl.o(i.shci_user_evt_proc)
    ssd1306_DrawPixel                        0x08005ad9   Thumb Code    44  ssd1306.o(i.ssd1306_DrawPixel)
    ssd1306_Fill                             0x08005b0d   Thumb Code    28  ssd1306.o(i.ssd1306_Fill)
    ssd1306_Init                             0x08005b2d   Thumb Code   180  ssd1306.o(i.ssd1306_Init)
    ssd1306_Reset                            0x08005be5   Thumb Code    40  ssd1306.o(i.ssd1306_Reset)
    ssd1306_SetContrast                      0x08005c0d   Thumb Code    20  ssd1306.o(i.ssd1306_SetContrast)
    ssd1306_SetCursor                        0x08005c21   Thumb Code     8  ssd1306.o(i.ssd1306_SetCursor)
    ssd1306_SetDisplayOn                     0x08005c2d   Thumb Code    20  ssd1306.o(i.ssd1306_SetDisplayOn)
    ssd1306_UpdateScreen                     0x08005c45   Thumb Code    50  ssd1306.o(i.ssd1306_UpdateScreen)
    ssd1306_WriteChar                        0x08005c7d   Thumb Code   138  ssd1306.o(i.ssd1306_WriteChar)
    ssd1306_WriteCommand                     0x08005d0d   Thumb Code    52  ssd1306.o(i.ssd1306_WriteCommand)
    ssd1306_WriteData                        0x08005d45   Thumb Code    58  ssd1306.o(i.ssd1306_WriteData)
    ssd1306_WriteString                      0x08005d85   Thumb Code    44  ssd1306.o(i.ssd1306_WriteString)
    thread_oled_auto_off                     0x08005db1   Thumb Code    90  main.o(i.thread_oled_auto_off)
    thread_oled_data                         0x08005e15   Thumb Code   738  main.o(i.thread_oled_data)
    thread_pageclick                         0x0800612d   Thumb Code   128  main.o(i.thread_pageclick)
    thread_touchdetection                    0x080061c1   Thumb Code   348  main.o(i.thread_touchdetection)
    _fp_init                                 0x08006345   Thumb Code    10  fpinit.o(x$fpl$fpinit)
    __fplib_config_fpu_vfp                   0x0800634d   Thumb Code     0  fpinit.o(x$fpl$fpinit)
    __fplib_config_pureend_doubles           0x0800634d   Thumb Code     0  fpinit.o(x$fpl$fpinit)
    AHBPrescTable                            0x080064c8   Data          64  system_stm32wbxx.o(.constdata)
    MSIRangeTable                            0x08006508   Data          64  system_stm32wbxx.o(.constdata)
    Region$$Table$$Base                      0x08007310   Number         0  anon$$obj.o(Region$$Table)
    Region$$Table$$Limit                     0x08007340   Number         0  anon$$obj.o(Region$$Table)
    cs_oldvalue                              0x20000008   Data           1  main.o(.data)
    page                                     0x20000009   Data           1  main.o(.data)
    oled_off_merker                          0x2000000a   Data           1  main.o(.data)
    newMessage                               0x2000000b   Data           1  main.o(.data)
    bleConnected                             0x2000000c   Data           1  main.o(.data)
    EventFlag                                0x2000000d   Data           1  main.o(.data)
    EventFlagOledOff                         0x2000000e   Data           1  main.o(.data)
    activindicator                           0x2000000f   Data           1  main.o(.data)
    pagemerker                               0x20000010   Data           1  main.o(.data)
    powerOff                                 0x20000011   Data           1  main.o(.data)
    wasPressed                               0x20000012   Data           1  main.o(.data)
    touchDeBounce                            0x20000014   Data           2  main.o(.data)
    cs_value                                 0x20000016   Data           3  main.o(.data)
    oledOffCounter                           0x2000001c   Data           4  main.o(.data)
    touchcounterCS1                          0x20000020   Data           4  main.o(.data)
    touchcounterCS2                          0x20000024   Data           4  main.o(.data)
    touchcounterCS3                          0x20000028   Data           4  main.o(.data)
    cs_val                                   0x2000002c   Data           4  main.o(.data)
    cursor                                   0x20000030   Data           4  main.o(.data)
    time                                     0x20000034   Data           4  main.o(.data)
    date                                     0x20000038   Data           4  main.o(.data)
    counter                                  0x2000003c   Data           4  main.o(.data)
    displayRefreshCounter                    0x20000040   Data           4  main.o(.data)
    tempText                                 0x20000044   Data           5  main.o(.data)
    uwTickFreq                               0x20000058   Data           1  stm32wbxx_hal.o(.data)
    uwTickPrio                               0x2000005c   Data           4  stm32wbxx_hal.o(.data)
    uwTick                                   0x20000060   Data           4  stm32wbxx_hal.o(.data)
    SystemCoreClock                          0x20000064   Data           4  system_stm32wbxx.o(.data)
    handleNotification                       0x20000068   Data           4  app_ble.o(.data)
    ad_data                                  0x20000072   Data          12  app_ble.o(.data)
    PushIndex                                0x2000007e   Data           1  custom_app.o(.data)
    PushIndexLength                          0x2000007f   Data           1  custom_app.o(.data)
    rxCounter                                0x20000080   Data           1  custom_app.o(.data)
    maxRx                                    0x20000081   Data           1  custom_app.o(.data)
    Font_6x8                                 0x200000e4   Data           8  ssd1306_fonts.o(.data)
    Font_7x10                                0x200000ec   Data           8  ssd1306_fonts.o(.data)
    UserEventFlow                            0x20000188   Data           1  hci_tl.o(BLE_DRIVER_CONTEXT)
    SVCCTL_CltHandler                        0x20000198   Data           1  svc_ctl.o(BLE_DRIVER_CONTEXT)
    SVCCTL_EvtHandler                        0x2000019c   Data          32  svc_ctl.o(BLE_DRIVER_CONTEXT)
    SHCI_TL_UserEventFlow                    0x200001bd   Data           1  shci_tl.o(SYSTEM_DRIVER_CONTEXT)
    text                                     0x20000264   Data         128  main.o(.bss)
    hi2c1                                    0x200002e4   Data          76  main.o(.bss)
    hipcc                                    0x20000330   Data          60  main.o(.bss)
    hrtc                                     0x2000036c   Data          36  main.o(.bss)
    hspi1                                    0x20000390   Data         100  main.o(.bss)
    htim1                                    0x200003f4   Data          76  main.o(.bss)
    helparray                                0x20000440   Data         128  custom_app.o(.bss)
    __libspace_start                         0x200009dc   Data          96  libspace.o(.bss)
    __temporary_stack_top$libspace           0x20000a3c   Data           0  libspace.o(.bss)



==============================================================================

Memory Map of the image

  Image Entry point : 0x0800013d

  Load Region LR_IROM1 (Base: 0x08000000, Size: 0x00007ff4, Max: 0x00040000, ABSOLUTE, COMPRESSED[0x00007390])

    Execution Region ER_IROM1 (Exec base: 0x08000000, Load base: 0x08000000, Size: 0x00007340, Max: 0x00040000, ABSOLUTE)

    Exec Addr    Load Addr    Size         Type   Attr      Idx    E Section Name        Object

    0x08000000   0x08000000   0x0000013c   Data   RO            3    RESET               startup_stm32wb35xx_cm4.o
    0x0800013c   0x0800013c   0x00000008   Code   RO         8724  * !!!main             c_w.l(__main.o)
    0x08000144   0x08000144   0x00000034   Code   RO         9277    !!!scatter          c_w.l(__scatter.o)
    0x08000178   0x08000178   0x0000003a   Code   RO         9275    !!dczerorl          c_w.l(__dczerorl.o)
    0x080001b2   0x080001b2   0x00000002   PAD
    0x080001b4   0x080001b4   0x0000001c   Code   RO         9279    !!handler_zi        c_w.l(__scatter_zi.o)
    0x080001d0   0x080001d0   0x00000002   Code   RO         9067    .ARM.Collect$$libinit$$00000000  c_w.l(libinit.o)
    0x080001d2   0x080001d2   0x00000004   Code   RO         9068    .ARM.Collect$$libinit$$00000001  c_w.l(libinit2.o)
    0x080001d6   0x080001d6   0x00000000   Code   RO         9071    .ARM.Collect$$libinit$$00000004  c_w.l(libinit2.o)
    0x080001d6   0x080001d6   0x00000000   Code   RO         9074    .ARM.Collect$$libinit$$0000000A  c_w.l(libinit2.o)
    0x080001d6   0x080001d6   0x00000000   Code   RO         9076    .ARM.Collect$$libinit$$0000000C  c_w.l(libinit2.o)
    0x080001d6   0x080001d6   0x00000000   Code   RO         9078    .ARM.Collect$$libinit$$0000000E  c_w.l(libinit2.o)
    0x080001d6   0x080001d6   0x00000000   Code   RO         9081    .ARM.Collect$$libinit$$00000011  c_w.l(libinit2.o)
    0x080001d6   0x080001d6   0x00000000   Code   RO         9083    .ARM.Collect$$libinit$$00000013  c_w.l(libinit2.o)
    0x080001d6   0x080001d6   0x00000000   Code   RO         9085    .ARM.Collect$$libinit$$00000015  c_w.l(libinit2.o)
    0x080001d6   0x080001d6   0x00000000   Code   RO         9087    .ARM.Collect$$libinit$$00000017  c_w.l(libinit2.o)
    0x080001d6   0x080001d6   0x00000000   Code   RO         9089    .ARM.Collect$$libinit$$00000019  c_w.l(libinit2.o)
    0x080001d6   0x080001d6   0x00000000   Code   RO         9091    .ARM.Collect$$libinit$$0000001B  c_w.l(libinit2.o)
    0x080001d6   0x080001d6   0x00000000   Code   RO         9093    .ARM.Collect$$libinit$$0000001D  c_w.l(libinit2.o)
    0x080001d6   0x080001d6   0x00000000   Code   RO         9095    .ARM.Collect$$libinit$$0000001F  c_w.l(libinit2.o)
    0x080001d6   0x080001d6   0x00000000   Code   RO         9097    .ARM.Collect$$libinit$$00000021  c_w.l(libinit2.o)
    0x080001d6   0x080001d6   0x00000000   Code   RO         9099    .ARM.Collect$$libinit$$00000023  c_w.l(libinit2.o)
    0x080001d6   0x080001d6   0x00000000   Code   RO         9101    .ARM.Collect$$libinit$$00000025  c_w.l(libinit2.o)
    0x080001d6   0x080001d6   0x00000000   Code   RO         9105    .ARM.Collect$$libinit$$0000002C  c_w.l(libinit2.o)
    0x080001d6   0x080001d6   0x00000000   Code   RO         9107    .ARM.Collect$$libinit$$0000002E  c_w.l(libinit2.o)
    0x080001d6   0x080001d6   0x00000000   Code   RO         9109    .ARM.Collect$$libinit$$00000030  c_w.l(libinit2.o)
    0x080001d6   0x080001d6   0x00000000   Code   RO         9111    .ARM.Collect$$libinit$$00000032  c_w.l(libinit2.o)
    0x080001d6   0x080001d6   0x00000002   Code   RO         9112    .ARM.Collect$$libinit$$00000033  c_w.l(libinit2.o)
    0x080001d8   0x080001d8   0x00000002   Code   RO         9254    .ARM.Collect$$libshutdown$$00000000  c_w.l(libshutdown.o)
    0x080001da   0x080001da   0x00000000   Code   RO         9114    .ARM.Collect$$libshutdown$$00000002  c_w.l(libshutdown2.o)
    0x080001da   0x080001da   0x00000000   Code   RO         9116    .ARM.Collect$$libshutdown$$00000004  c_w.l(libshutdown2.o)
    0x080001da   0x080001da   0x00000000   Code   RO         9118    .ARM.Collect$$libshutdown$$00000006  c_w.l(libshutdown2.o)
    0x080001da   0x080001da   0x00000000   Code   RO         9121    .ARM.Collect$$libshutdown$$00000009  c_w.l(libshutdown2.o)
    0x080001da   0x080001da   0x00000000   Code   RO         9124    .ARM.Collect$$libshutdown$$0000000C  c_w.l(libshutdown2.o)
    0x080001da   0x080001da   0x00000000   Code   RO         9126    .ARM.Collect$$libshutdown$$0000000E  c_w.l(libshutdown2.o)
    0x080001da   0x080001da   0x00000000   Code   RO         9129    .ARM.Collect$$libshutdown$$00000011  c_w.l(libshutdown2.o)
    0x080001da   0x080001da   0x00000002   Code   RO         9130    .ARM.Collect$$libshutdown$$00000012  c_w.l(libshutdown2.o)
    0x080001dc   0x080001dc   0x00000000   Code   RO         8770    .ARM.Collect$$rtentry$$00000000  c_w.l(__rtentry.o)
    0x080001dc   0x080001dc   0x00000000   Code   RO         8872    .ARM.Collect$$rtentry$$00000002  c_w.l(__rtentry2.o)
    0x080001dc   0x080001dc   0x00000006   Code   RO         8884    .ARM.Collect$$rtentry$$00000004  c_w.l(__rtentry4.o)
    0x080001e2   0x080001e2   0x00000000   Code   RO         8874    .ARM.Collect$$rtentry$$00000009  c_w.l(__rtentry2.o)
    0x080001e2   0x080001e2   0x00000004   Code   RO         8875    .ARM.Collect$$rtentry$$0000000A  c_w.l(__rtentry2.o)
    0x080001e6   0x080001e6   0x00000000   Code   RO         8877    .ARM.Collect$$rtentry$$0000000C  c_w.l(__rtentry2.o)
    0x080001e6   0x080001e6   0x00000008   Code   RO         8878    .ARM.Collect$$rtentry$$0000000D  c_w.l(__rtentry2.o)
    0x080001ee   0x080001ee   0x00000002   Code   RO         9138    .ARM.Collect$$rtexit$$00000000  c_w.l(rtexit.o)
    0x080001f0   0x080001f0   0x00000000   Code   RO         9197    .ARM.Collect$$rtexit$$00000002  c_w.l(rtexit2.o)
    0x080001f0   0x080001f0   0x00000004   Code   RO         9198    .ARM.Collect$$rtexit$$00000003  c_w.l(rtexit2.o)
    0x080001f4   0x080001f4   0x00000006   Code   RO         9199    .ARM.Collect$$rtexit$$00000004  c_w.l(rtexit2.o)
    0x080001fa   0x080001fa   0x00000002   PAD
    0x080001fc   0x080001fc   0x00000040   Code   RO            4    .text               startup_stm32wb35xx_cm4.o
    0x0800023c   0x0800023c   0x0000003e   Code   RO         8708    .text               c_w.l(strlen.o)
    0x0800027a   0x0800027a   0x0000008a   Code   RO         8710    .text               c_w.l(rt_memcpy_v6.o)
    0x08000304   0x08000304   0x00000008   Code   RO         8712    .text               c_w.l(memcpy.o)
    0x0800030c   0x0800030c   0x00000064   Code   RO         8714    .text               c_w.l(rt_memcpy_w.o)
    0x08000370   0x08000370   0x00000016   Code   RO         8716    .text               c_w.l(memset.o)
    0x08000386   0x08000386   0x00000044   Code   RO         8718    .text               c_w.l(rt_memclr.o)
    0x080003ca   0x080003ca   0x0000004e   Code   RO         8720    .text               c_w.l(rt_memclr_w.o)
    0x08000418   0x08000418   0x00000006   Code   RO         8722    .text               c_w.l(heapauxi.o)
    0x0800041e   0x0800041e   0x00000002   PAD
    0x08000420   0x08000420   0x00000008   Code   RO         8941    .text               c_w.l(libspace.o)
    0x08000428   0x08000428   0x0000004a   Code   RO         8946    .text               c_w.l(sys_stackheap_outer.o)
    0x08000472   0x08000472   0x00000012   Code   RO         9056    .text               c_w.l(exit.o)
    0x08000484   0x08000484   0x00000002   Code   RO         9135    .text               c_w.l(use_no_semi.o)
    0x08000486   0x08000486   0x00000000   Code   RO         9137    .text               c_w.l(indicate_semi.o)
    0x08000486   0x08000486   0x00000002   PAD
    0x08000488   0x08000488   0x0000000c   Code   RO         9194    .text               c_w.l(sys_exit.o)
    0x08000494   0x08000494   0x00000020   Code   RO          688    i.APPD_EnableCPU2   app_debug.o
    0x080004b4   0x080004b4   0x00000020   Code   RO          689    i.APPD_Init         app_debug.o
    0x080004d4   0x080004d4   0x000000e4   Code   RO          690    i.APPD_SetCPU2GpioConfig  app_debug.o
    0x080005b8   0x080005b8   0x00000002   Code   RO          450    i.APPE_SysStatusNot  app_entry.o
    0x080005ba   0x080005ba   0x00000002   PAD
    0x080005bc   0x080005bc   0x00000064   Code   RO          451    i.APPE_SysUserEvtRx  app_entry.o
    0x08000620   0x08000620   0x00000090   Code   RO         5593    i.APP_BLE_Init      app_ble.o
    0x080006b0   0x080006b0   0x0000001c   Code   RO         5594    i.Adv_Cancel        app_ble.o
    0x080006cc   0x080006cc   0x0000003c   Code   RO         5595    i.Adv_Request       app_ble.o
    0x08000708   0x08000708   0x00000002   Code   RO         7995    i.BAS_Init          svc_ctl.o
    0x0800070a   0x0800070a   0x00000014   Code   RO         5596    i.BLE_StatusNot     app_ble.o
    0x0800071e   0x0800071e   0x00000014   Code   RO         5597    i.BLE_UserEvtRx     app_ble.o
    0x08000732   0x08000732   0x00000002   Code   RO         7996    i.BLS_Init          svc_ctl.o
    0x08000734   0x08000734   0x00000002   Code   RO         7997    i.BVOPUS_STM_Init   svc_ctl.o
    0x08000736   0x08000736   0x00000002   PAD
    0x08000738   0x08000738   0x00000044   Code   RO         5598    i.BleGetBdAddress   app_ble.o
    0x0800077c   0x0800077c   0x000000e4   Code   RO         5599    i.Ble_Hci_Gap_Gatt_Init  app_ble.o
    0x08000860   0x08000860   0x00000002   Code   RO          963    i.BusFault_Handler  stm32wbxx_it.o
    0x08000862   0x08000862   0x00000016   Code   RO         8518    i.CAP1203_Exit_PWR  stm32_cap1203.o
    0x08000878   0x08000878   0x0000000e   Code   RO         8520    i.CAP1203_Get_CS1_State  stm32_cap1203.o
    0x08000886   0x08000886   0x00000012   Code   RO         8521    i.CAP1203_Get_CS2_State  stm32_cap1203.o
    0x08000898   0x08000898   0x00000012   Code   RO         8522    i.CAP1203_Get_CS3_State  stm32_cap1203.o
    0x080008aa   0x080008aa   0x00000006   Code   RO         8523    i.CAP1203_Get_CS_State  stm32_cap1203.o
    0x080008b0   0x080008b0   0x0000001c   Code   RO         8524    i.CAP1203_Go_PWR    stm32_cap1203.o
    0x080008cc   0x080008cc   0x00000016   Code   RO         8525    i.CAP1203_Go_Standby  stm32_cap1203.o
    0x080008e2   0x080008e2   0x00000002   PAD
    0x080008e4   0x080008e4   0x0000005c   Code   RO         8526    i.CAP1203_Init      stm32_cap1203.o
    0x08000940   0x08000940   0x00000016   Code   RO         8527    i.CAP1203_Int_Clr   stm32_cap1203.o
    0x08000956   0x08000956   0x00000008   Code   RO         8528    i.CAP1203_Int_Enb   stm32_cap1203.o
    0x0800095e   0x0800095e   0x00000008   Code   RO         8530    i.CAP1203_Set_PWR_CS  stm32_cap1203.o
    0x08000966   0x08000966   0x0000000a   Code   RO         8531    i.CAP1203_Set_PWR_Time  stm32_cap1203.o
    0x08000970   0x08000970   0x0000000e   Code   RO         8532    i.CAP1203_Set_Sensitivity  stm32_cap1203.o
    0x0800097e   0x0800097e   0x00000008   Code   RO         8533    i.CAP1203_Set_Standby_CS  stm32_cap1203.o
    0x08000986   0x08000986   0x00000008   Code   RO         8534    i.CAP1203_Set_Standby_Sensitivity  stm32_cap1203.o
    0x0800098e   0x0800098e   0x00000002   Code   RO         7998    i.CRS_STM_Init      svc_ctl.o
    0x08000990   0x08000990   0x0000002c   Code   RO         7891    i.Cmd_SetStatus     shci_tl.o
    0x080009bc   0x080009bc   0x00000002   Code   RO         5770    i.Custom_APP_Init   custom_app.o
    0x080009be   0x080009be   0x00000002   PAD
    0x080009c0   0x080009c0   0x00000040   Code   RO         5771    i.Custom_APP_Notification  custom_app.o
    0x08000a00   0x08000a00   0x000000e0   Code   RO         5772    i.Custom_STM_App_Notification  custom_app.o
    0x08000ae0   0x08000ae0   0x000000b4   Code   RO         5709    i.Custom_STM_Event_Handler  custom_stm.o
    0x08000b94   0x08000b94   0x00000002   Code   RO         7999    i.DIS_Init          svc_ctl.o
    0x08000b96   0x08000b96   0x00000002   Code   RO          964    i.DebugMon_Handler  stm32wbxx_it.o
    0x08000b98   0x08000b98   0x00000002   Code   RO         8000    i.EDS_STM_Init      svc_ctl.o
    0x08000b9a   0x08000b9a   0x00000002   PAD
    0x08000b9c   0x08000b9c   0x00000024   Code   RO          965    i.EXTI1_IRQHandler  stm32wbxx_it.o
    0x08000bc0   0x08000bc0   0x00000004   Code   RO           13    i.Error_Handler     main.o
    0x08000bc4   0x08000bc4   0x00000010   Code   RO         2810    i.HAL_DBGMCU_EnableDBGSleepMode  stm32wbxx_hal.o
    0x08000bd4   0x08000bd4   0x00000010   Code   RO         2812    i.HAL_DBGMCU_EnableDBGStopMode  stm32wbxx_hal.o
    0x08000be4   0x08000be4   0x00000034   Code   RO          452    i.HAL_Delay         app_entry.o
    0x08000c18   0x08000c18   0x00000002   Code   RO         2007    i.HAL_GPIO_EXTI_Callback  stm32wbxx_hal_gpio.o
    0x08000c1a   0x08000c1a   0x00000002   PAD
    0x08000c1c   0x08000c1c   0x00000018   Code   RO         2008    i.HAL_GPIO_EXTI_IRQHandler  stm32wbxx_hal_gpio.o
    0x08000c34   0x08000c34   0x000001fc   Code   RO         2009    i.HAL_GPIO_Init     stm32wbxx_hal_gpio.o
    0x08000e30   0x08000e30   0x0000000a   Code   RO         2013    i.HAL_GPIO_WritePin  stm32wbxx_hal_gpio.o
    0x08000e3a   0x08000e3a   0x00000002   PAD
    0x08000e3c   0x08000e3c   0x0000000c   Code   RO         2818    i.HAL_GetTick       stm32wbxx_hal.o
    0x08000e48   0x08000e48   0x0000000c   Code   RO         2819    i.HAL_GetTickFreq   stm32wbxx_hal.o
    0x08000e54   0x08000e54   0x0000000c   Code   RO         2820    i.HAL_GetTickPrio   stm32wbxx_hal.o
    0x08000e60   0x08000e60   0x00000002   Code   RO         1194    i.HAL_HSEM_FreeCallback  stm32wbxx_hal_hsem.o
    0x08000e62   0x08000e62   0x00000002   PAD
    0x08000e64   0x08000e64   0x00000020   Code   RO         1196    i.HAL_HSEM_IRQHandler  stm32wbxx_hal_hsem.o
    0x08000e84   0x08000e84   0x00000056   Code   RO         3611    i.HAL_I2CEx_ConfigAnalogFilter  stm32wbxx_hal_i2c_ex.o
    0x08000eda   0x08000eda   0x00000052   Code   RO         3612    i.HAL_I2CEx_ConfigDigitalFilter  stm32wbxx_hal_i2c_ex.o
    0x08000f2c   0x08000f2c   0x000000b8   Code   RO         3160    i.HAL_I2C_Init      stm32wbxx_hal_i2c.o
    0x08000fe4   0x08000fe4   0x00000124   Code   RO         3166    i.HAL_I2C_Master_Receive  stm32wbxx_hal_i2c.o
    0x08001108   0x08001108   0x00000124   Code   RO         3173    i.HAL_I2C_Master_Transmit  stm32wbxx_hal_i2c.o
    0x0800122c   0x0800122c   0x00000068   Code   RO         1076    i.HAL_I2C_MspInit   stm32wbxx_hal_msp.o
    0x08001294   0x08001294   0x00000044   Code   RO         3670    i.HAL_IPCC_Init     stm32wbxx_hal_ipcc.o
    0x080012d8   0x080012d8   0x0000003c   Code   RO         1078    i.HAL_IPCC_MspInit  stm32wbxx_hal_msp.o
    0x08001314   0x08001314   0x00000002   Code   RO         3675    i.HAL_IPCC_RxCallback  stm32wbxx_hal_ipcc.o
    0x08001316   0x08001316   0x00000002   Code   RO         3677    i.HAL_IPCC_TxCallback  stm32wbxx_hal_ipcc.o
    0x08001318   0x08001318   0x00000010   Code   RO         2824    i.HAL_IncTick       stm32wbxx_hal.o
    0x08001328   0x08001328   0x0000002c   Code   RO         2825    i.HAL_Init          stm32wbxx_hal.o
    0x08001354   0x08001354   0x00000040   Code   RO         2826    i.HAL_InitTick      stm32wbxx_hal.o
    0x08001394   0x08001394   0x0000001e   Code   RO         1079    i.HAL_MspInit       stm32wbxx_hal_msp.o
    0x080013b2   0x080013b2   0x0000001a   Code   RO         2681    i.HAL_NVIC_ClearPendingIRQ  stm32wbxx_hal_cortex.o
    0x080013cc   0x080013cc   0x00000022   Code   RO         2682    i.HAL_NVIC_DisableIRQ  stm32wbxx_hal_cortex.o
    0x080013ee   0x080013ee   0x0000001a   Code   RO         2683    i.HAL_NVIC_EnableIRQ  stm32wbxx_hal_cortex.o
    0x08001408   0x08001408   0x0000001a   Code   RO         2687    i.HAL_NVIC_SetPendingIRQ  stm32wbxx_hal_cortex.o
    0x08001422   0x08001422   0x00000002   PAD
    0x08001424   0x08001424   0x00000040   Code   RO         2688    i.HAL_NVIC_SetPriority  stm32wbxx_hal_cortex.o
    0x08001464   0x08001464   0x00000024   Code   RO         2689    i.HAL_NVIC_SetPriorityGrouping  stm32wbxx_hal_cortex.o
    0x08001488   0x08001488   0x00000010   Code   RO         2384    i.HAL_PWREx_GetVoltageRange  stm32wbxx_hal_pwr_ex.o
    0x08001498   0x08001498   0x00000014   Code   RO         2231    i.HAL_PWR_DisableWakeUpPin  stm32wbxx_hal_pwr.o
    0x080014ac   0x080014ac   0x00000010   Code   RO         2232    i.HAL_PWR_EnableBkUpAccess  stm32wbxx_hal_pwr.o
    0x080014bc   0x080014bc   0x00000212   Code   RO         1482    i.HAL_RCCEx_PeriphCLKConfig  stm32wbxx_hal_rcc_ex.o
    0x080016ce   0x080016ce   0x00000002   PAD
    0x080016d0   0x080016d0   0x000001f8   Code   RO         1276    i.HAL_RCC_ClockConfig  stm32wbxx_hal_rcc.o
    0x080018c8   0x080018c8   0x00000024   Code   RO         1282    i.HAL_RCC_GetHCLKFreq  stm32wbxx_hal_rcc.o
    0x080018ec   0x080018ec   0x00000094   Code   RO         1287    i.HAL_RCC_GetSysClockFreq  stm32wbxx_hal_rcc.o
    0x08001980   0x08001980   0x00000584   Code   RO         1290    i.HAL_RCC_OscConfig  stm32wbxx_hal_rcc.o
    0x08001f04   0x08001f04   0x00000100   Code   RO         3978    i.HAL_RTCEx_SetWakeUpTimer_IT  stm32wbxx_hal_rtc_ex.o
    0x08002004   0x08002004   0x000000c8   Code   RO         3795    i.HAL_RTC_Init      stm32wbxx_hal_rtc.o
    0x080020cc   0x080020cc   0x00000058   Code   RO         1081    i.HAL_RTC_MspInit   stm32wbxx_hal_msp.o
    0x08002124   0x08002124   0x00000036   Code   RO         3803    i.HAL_RTC_WaitForSynchro  stm32wbxx_hal_rtc.o
    0x0800215a   0x0800215a   0x000000e0   Code   RO         4200    i.HAL_SPI_Init      stm32wbxx_hal_spi.o
    0x0800223a   0x0800223a   0x00000002   PAD
    0x0800223c   0x0800223c   0x00000048   Code   RO         1083    i.HAL_SPI_MspInit   stm32wbxx_hal_msp.o
    0x08002284   0x08002284   0x00000188   Code   RO         4208    i.HAL_SPI_Transmit  stm32wbxx_hal_spi.o
    0x0800240c   0x0800240c   0x00000028   Code   RO         2693    i.HAL_SYSTICK_Config  stm32wbxx_hal_cortex.o
    0x08002434   0x08002434   0x00000002   Code   RO         5256    i.HAL_TIMEx_Break2Callback  stm32wbxx_hal_tim_ex.o
    0x08002436   0x08002436   0x00000002   Code   RO         5257    i.HAL_TIMEx_BreakCallback  stm32wbxx_hal_tim_ex.o
    0x08002438   0x08002438   0x00000002   Code   RO         5258    i.HAL_TIMEx_CommutCallback  stm32wbxx_hal_tim_ex.o
    0x0800243a   0x0800243a   0x00000002   PAD
    0x0800243c   0x0800243c   0x000000a4   Code   RO         5260    i.HAL_TIMEx_ConfigBreakDeadTime  stm32wbxx_hal_tim_ex.o
    0x080024e0   0x080024e0   0x00000064   Code   RO         5279    i.HAL_TIMEx_MasterConfigSynchronization  stm32wbxx_hal_tim_ex.o
    0x08002544   0x08002544   0x00000062   Code   RO         4542    i.HAL_TIM_Base_Init  stm32wbxx_hal_tim.o
    0x080025a6   0x080025a6   0x00000002   PAD
    0x080025a8   0x080025a8   0x0000002c   Code   RO         1085    i.HAL_TIM_Base_MspInit  stm32wbxx_hal_msp.o
    0x080025d4   0x080025d4   0x000000e0   Code   RO         4551    i.HAL_TIM_ConfigClockSource  stm32wbxx_hal_tim.o
    0x080026b4   0x080026b4   0x00000002   Code   RO         4576    i.HAL_TIM_IC_CaptureCallback  stm32wbxx_hal_tim.o
    0x080026b6   0x080026b6   0x00000184   Code   RO         4590    i.HAL_TIM_IRQHandler  stm32wbxx_hal_tim.o
    0x0800283a   0x0800283a   0x00000002   PAD
    0x0800283c   0x0800283c   0x00000044   Code   RO         1086    i.HAL_TIM_MspPostInit  stm32wbxx_hal_msp.o
    0x08002880   0x08002880   0x00000002   Code   RO         4593    i.HAL_TIM_OC_DelayElapsedCallback  stm32wbxx_hal_tim.o
    0x08002882   0x08002882   0x00000124   Code   RO         4614    i.HAL_TIM_PWM_ConfigChannel  stm32wbxx_hal_tim.o
    0x080029a6   0x080029a6   0x00000062   Code   RO         4617    i.HAL_TIM_PWM_Init  stm32wbxx_hal_tim.o
    0x08002a08   0x08002a08   0x00000002   Code   RO         4619    i.HAL_TIM_PWM_MspInit  stm32wbxx_hal_tim.o
    0x08002a0a   0x08002a0a   0x00000002   Code   RO         4620    i.HAL_TIM_PWM_PulseFinishedCallback  stm32wbxx_hal_tim.o
    0x08002a0c   0x08002a0c   0x000000cc   Code   RO         4622    i.HAL_TIM_PWM_Start  stm32wbxx_hal_tim.o
    0x08002ad8   0x08002ad8   0x00000002   Code   RO         4628    i.HAL_TIM_PeriodElapsedCallback  stm32wbxx_hal_tim.o
    0x08002ada   0x08002ada   0x00000002   Code   RO         4633    i.HAL_TIM_TriggerCallback  stm32wbxx_hal_tim.o
    0x08002adc   0x08002adc   0x00000002   Code   RO         8001    i.HIDS_Init         svc_ctl.o
    0x08002ade   0x08002ade   0x00000002   Code   RO         8002    i.HRS_Init          svc_ctl.o
    0x08002ae0   0x08002ae0   0x00000004   Code   RO          966    i.HSEM_IRQHandler   stm32wbxx_it.o
    0x08002ae4   0x08002ae4   0x00000002   Code   RO         8003    i.HTS_Init          svc_ctl.o
    0x08002ae6   0x08002ae6   0x00000002   PAD
    0x08002ae8   0x08002ae8   0x0000000c   Code   RO         5954    i.HW_IPCC_BLE_AclDataAckNot  tl_mbox.o
    0x08002af4   0x08002af4   0x00000010   Code   RO         5817    i.HW_IPCC_BLE_Init  hw_ipcc.o
    0x08002b04   0x08002b04   0x00000040   Code   RO         5955    i.HW_IPCC_BLE_RxEvtNot  tl_mbox.o
    0x08002b44   0x08002b44   0x00000010   Code   RO         5820    i.HW_IPCC_BLE_SendCmd  hw_ipcc.o
    0x08002b54   0x08002b54   0x0000004c   Code   RO         5821    i.HW_IPCC_Enable    hw_ipcc.o
    0x08002ba0   0x08002ba0   0x0000003c   Code   RO         5822    i.HW_IPCC_Init      hw_ipcc.o
    0x08002bdc   0x08002bdc   0x00000030   Code   RO         5823    i.HW_IPCC_MM_SendFreeBuf  hw_ipcc.o
    0x08002c0c   0x08002c0c   0x0000005c   Code   RO         5824    i.HW_IPCC_Rx_Handler  hw_ipcc.o
    0x08002c68   0x08002c68   0x00000024   Code   RO         5956    i.HW_IPCC_SYS_CmdEvtNot  tl_mbox.o
    0x08002c8c   0x08002c8c   0x00000030   Code   RO         5957    i.HW_IPCC_SYS_EvtNot  tl_mbox.o
    0x08002cbc   0x08002cbc   0x00000010   Code   RO         5827    i.HW_IPCC_SYS_Init  hw_ipcc.o
    0x08002ccc   0x08002ccc   0x00000018   Code   RO         5828    i.HW_IPCC_SYS_SendCmd  hw_ipcc.o
    0x08002ce4   0x08002ce4   0x00000024   Code   RO         5958    i.HW_IPCC_TRACES_EvtNot  tl_mbox.o
    0x08002d08   0x08002d08   0x00000010   Code   RO         5830    i.HW_IPCC_TRACES_Init  hw_ipcc.o
    0x08002d18   0x08002d18   0x00000078   Code   RO         5831    i.HW_IPCC_Tx_Handler  hw_ipcc.o
    0x08002d90   0x08002d90   0x0000011c   Code   RO          757    i.HW_TS_Init        hw_timerserver.o
    0x08002eac   0x08002eac   0x00000002   Code   RO          758    i.HW_TS_RTC_Int_AppNot  hw_timerserver.o
    0x08002eae   0x08002eae   0x00000002   PAD
    0x08002eb0   0x08002eb0   0x000000c8   Code   RO          760    i.HW_TS_RTC_Wakeup_Handler  hw_timerserver.o
    0x08002f78   0x08002f78   0x00000080   Code   RO          761    i.HW_TS_Start       hw_timerserver.o
    0x08002ff8   0x08002ff8   0x000000b8   Code   RO          762    i.HW_TS_Stop        hw_timerserver.o
    0x080030b0   0x080030b0   0x00000002   Code   RO          967    i.HardFault_Handler  stm32wbxx_it.o
    0x080030b2   0x080030b2   0x00000022   Code   RO         3207    i.I2C_Flush_TXDR    stm32wbxx_hal_i2c.o
    0x080030d4   0x080030d4   0x000000dc   Code   RO         3215    i.I2C_IsErrorOccurred  stm32wbxx_hal_i2c.o
    0x080031b0   0x080031b0   0x00000030   Code   RO         3222    i.I2C_TransferConfig  stm32wbxx_hal_i2c.o
    0x080031e0   0x080031e0   0x00000058   Code   RO         3224    i.I2C_WaitOnFlagUntilTimeout  stm32wbxx_hal_i2c.o
    0x08003238   0x08003238   0x00000084   Code   RO         3225    i.I2C_WaitOnRXNEFlagUntilTimeout  stm32wbxx_hal_i2c.o
    0x080032bc   0x080032bc   0x0000004c   Code   RO         3226    i.I2C_WaitOnSTOPFlagUntilTimeout  stm32wbxx_hal_i2c.o
    0x08003308   0x08003308   0x00000050   Code   RO         3227    i.I2C_WaitOnTXISFlagUntilTimeout  stm32wbxx_hal_i2c.o
    0x08003358   0x08003358   0x00000002   Code   RO         8004    i.IAS_Init          svc_ctl.o
    0x0800335a   0x0800335a   0x00000004   Code   RO          968    i.IPCC_C1_RX_IRQHandler  stm32wbxx_it.o
    0x0800335e   0x0800335e   0x00000004   Code   RO          969    i.IPCC_C1_TX_IRQHandler  stm32wbxx_it.o
    0x08003362   0x08003362   0x00000010   Code   RO         3679    i.IPCC_Reset_Register  stm32wbxx_hal_ipcc.o
    0x08003372   0x08003372   0x00000002   PAD
    0x08003374   0x08003374   0x00000020   Code   RO         3680    i.IPCC_SetDefaultCallbacks  stm32wbxx_hal_ipcc.o
    0x08003394   0x08003394   0x0000000c   Code   RO          453    i.Init_Exti         app_entry.o
    0x080033a0   0x080033a0   0x00000002   Code   RO         8005    i.LLS_Init          svc_ctl.o
    0x080033a2   0x080033a2   0x00000014   Code   RO           14    i.LL_AHB2_GRP1_EnableClock  main.o
    0x080033b6   0x080033b6   0x00000014   Code   RO          691    i.LL_AHB2_GRP1_EnableClock  app_debug.o
    0x080033ca   0x080033ca   0x00000014   Code   RO         1087    i.LL_AHB2_GRP1_EnableClock  stm32wbxx_hal_msp.o
    0x080033de   0x080033de   0x00000014   Code   RO         1088    i.LL_AHB3_GRP1_EnableClock  stm32wbxx_hal_msp.o
    0x080033f2   0x080033f2   0x00000014   Code   RO         1089    i.LL_APB1_GRP1_EnableClock  stm32wbxx_hal_msp.o
    0x08003406   0x08003406   0x00000014   Code   RO         1090    i.LL_APB2_GRP1_EnableClock  stm32wbxx_hal_msp.o
    0x0800341a   0x0800341a   0x0000000e   Code   RO         5832    i.LL_C1_IPCC_IsActiveFlag_CHx  hw_ipcc.o
    0x08003428   0x08003428   0x0000001a   Code   RO          692    i.LL_C2_AHB2_GRP1_EnableClock  app_debug.o
    0x08003442   0x08003442   0x0000000e   Code   RO         5833    i.LL_C2_IPCC_IsActiveFlag_CHx  hw_ipcc.o
    0x08003450   0x08003450   0x0000000c   Code   RO         1292    i.LL_RCC_GetSysClkSource  stm32wbxx_hal_rcc.o
    0x0800345c   0x0800345c   0x0000000c   Code   RO         1293    i.LL_RCC_HSE_IsReady  stm32wbxx_hal_rcc.o
    0x08003468   0x08003468   0x0000000c   Code   RO         1294    i.LL_RCC_HSI_IsReady  stm32wbxx_hal_rcc.o
    0x08003474   0x08003474   0x00000012   Code   RO         1295    i.LL_RCC_HSI_SetCalibTrimming  stm32wbxx_hal_rcc.o
    0x08003486   0x08003486   0x0000000e   Code   RO         1492    i.LL_RCC_LSE_IsReady  stm32wbxx_hal_rcc_ex.o
    0x08003494   0x08003494   0x0000000e   Code   RO         1296    i.LL_RCC_LSI1_IsReady  stm32wbxx_hal_rcc.o
    0x080034a2   0x080034a2   0x00000012   Code   RO         1297    i.LL_RCC_MSI_GetRange  stm32wbxx_hal_rcc.o
    0x080034b4   0x080034b4   0x0000000c   Code   RO         1298    i.LL_RCC_MSI_IsReady  stm32wbxx_hal_rcc.o
    0x080034c0   0x080034c0   0x00000012   Code   RO         1299    i.LL_RCC_MSI_SetCalibTrimming  stm32wbxx_hal_rcc.o
    0x080034d2   0x080034d2   0x00000010   Code   RO         1300    i.LL_RCC_MSI_SetRange  stm32wbxx_hal_rcc.o
    0x080034e2   0x080034e2   0x0000000e   Code   RO         1496    i.LL_RCC_PLLSAI1_Disable  stm32wbxx_hal_rcc_ex.o
    0x080034f0   0x080034f0   0x0000000e   Code   RO         1497    i.LL_RCC_PLLSAI1_Enable  stm32wbxx_hal_rcc_ex.o
    0x080034fe   0x080034fe   0x0000000c   Code   RO         1499    i.LL_RCC_PLLSAI1_IsReady  stm32wbxx_hal_rcc_ex.o
    0x0800350a   0x0800350a   0x0000000c   Code   RO         1301    i.LL_RCC_PLL_GetMainSource  stm32wbxx_hal_rcc.o
    0x08003516   0x08003516   0x00000012   Code   RO         1503    i.LL_RCC_SetCLK48ClockSource  stm32wbxx_hal_rcc_ex.o
    0x08003528   0x08003528   0x0000001e   Code   RO         1504    i.LL_RCC_SetI2CClockSource  stm32wbxx_hal_rcc_ex.o
    0x08003546   0x08003546   0x00000016   Code   RO         1505    i.LL_RCC_SetLPTIMClockSource  stm32wbxx_hal_rcc_ex.o
    0x0800355c   0x0800355c   0x00000012   Code   RO         1506    i.LL_RCC_SetRNGClockSource  stm32wbxx_hal_rcc_ex.o
    0x0800356e   0x0800356e   0x00000006   Code   RO         6372    i.LST_init_head     stm_list.o
    0x08003574   0x08003574   0x00000018   Code   RO         6373    i.LST_insert_head   stm_list.o
    0x0800358c   0x0800358c   0x00000018   Code   RO         6376    i.LST_insert_tail   stm_list.o
    0x080035a4   0x080035a4   0x00000018   Code   RO         6377    i.LST_is_empty      stm_list.o
    0x080035bc   0x080035bc   0x00000018   Code   RO         6378    i.LST_remove_head   stm_list.o
    0x080035d4   0x080035d4   0x00000018   Code   RO         6379    i.LST_remove_node   stm_list.o
    0x080035ec   0x080035ec   0x0000003c   Code   RO          763    i.LinkTimerBefore   hw_timerserver.o
    0x08003628   0x08003628   0x00000002   Code   RO         8006    i.MESH_Init         svc_ctl.o
    0x0800362a   0x0800362a   0x00000002   Code   RO         8007    i.MOTENV_STM_Init   svc_ctl.o
    0x0800362c   0x0800362c   0x0000003c   Code   RO          455    i.MX_APPE_Config    app_entry.o
    0x08003668   0x08003668   0x000000b4   Code   RO          456    i.MX_APPE_Init      app_entry.o
    0x0800371c   0x0800371c   0x00000008   Code   RO          457    i.MX_APPE_Process   app_entry.o
    0x08003724   0x08003724   0x0000009c   Code   RO           15    i.MX_GPIO_Init      main.o
    0x080037c0   0x080037c0   0x00000054   Code   RO           16    i.MX_I2C1_Init      main.o
    0x08003814   0x08003814   0x00000044   Code   RO           17    i.MX_RTC_Init       main.o
    0x08003858   0x08003858   0x0000004c   Code   RO           18    i.MX_SPI1_Init      main.o
    0x080038a4   0x080038a4   0x000000dc   Code   RO           19    i.MX_TIM1_Init      main.o
    0x08003980   0x08003980   0x00000002   Code   RO          970    i.MemManage_Handler  stm32wbxx_it.o
    0x08003982   0x08003982   0x00000002   Code   RO          971    i.NMI_Handler       stm32wbxx_it.o
    0x08003984   0x08003984   0x0000001c   Code   RO         7797    i.NotifyCmdStatus   hci_tl.o
    0x080039a0   0x080039a0   0x00000002   Code   RO         8008    i.OTAS_STM_Init     svc_ctl.o
    0x080039a2   0x080039a2   0x00000002   PAD
    0x080039a4   0x080039a4   0x00000028   Code   RO         6345    i.OTP_Read          otp.o
    0x080039cc   0x080039cc   0x00000004   Code   RO         6526    i.Osal_MemCpy       osal.o
    0x080039d0   0x080039d0   0x00000004   Code   RO         6527    i.Osal_MemSet       osal.o
    0x080039d4   0x080039d4   0x00000002   Code   RO         5959    i.OutputDbgTrace    tl_mbox.o
    0x080039d6   0x080039d6   0x00000002   Code   RO         8009    i.P2PS_STM_Init     svc_ctl.o
    0x080039d8   0x080039d8   0x00000002   Code   RO          972    i.PendSV_Handler    stm32wbxx_it.o
    0x080039da   0x080039da   0x00000032   Code   RO           20    i.PeriphCommonClock_Config  main.o
    0x08003a0c   0x08003a0c   0x00000074   Code   RO         1507    i.RCCEx_PLLSAI1_ConfigNP  stm32wbxx_hal_rcc_ex.o
    0x08003a80   0x08003a80   0x00000074   Code   RO         1508    i.RCCEx_PLLSAI1_ConfigNQ  stm32wbxx_hal_rcc_ex.o
    0x08003af4   0x08003af4   0x00000074   Code   RO         1509    i.RCCEx_PLLSAI1_ConfigNR  stm32wbxx_hal_rcc_ex.o
    0x08003b68   0x08003b68   0x00000090   Code   RO         1302    i.RCC_SetFlashLatency  stm32wbxx_hal_rcc.o
    0x08003bf8   0x08003bf8   0x0000004c   Code   RO         1303    i.RCC_SetFlashLatencyFromMSIRange  stm32wbxx_hal_rcc.o
    0x08003c44   0x08003c44   0x0000003a   Code   RO         3806    i.RTC_EnterInitMode  stm32wbxx_hal_rtc.o
    0x08003c7e   0x08003c7e   0x00000004   Code   RO          973    i.RTC_WKUP_IRQHandler  stm32wbxx_it.o
    0x08003c82   0x08003c82   0x00000002   PAD
    0x08003c84   0x08003c84   0x00000018   Code   RO          764    i.ReadRtcSsrValue   hw_timerserver.o
    0x08003c9c   0x08003c9c   0x0000009c   Code   RO          765    i.RescheduleTimerList  hw_timerserver.o
    0x08003d38   0x08003d38   0x00000078   Code   RO          458    i.Reset_Device      app_entry.o
    0x08003db0   0x08003db0   0x00000084   Code   RO          766    i.RestartWakeupCounter  hw_timerserver.o
    0x08003e34   0x08003e34   0x00000038   Code   RO          767    i.ReturnTimeElapsed  hw_timerserver.o
    0x08003e6c   0x08003e6c   0x00000034   Code   RO         8216    i.SEQ_BitPosition   stm32_seq.o
    0x08003ea0   0x08003ea0   0x0000001a   Code   RO         6093    i.SHCI_C2_BLE_Init  shci.o
    0x08003eba   0x08003eba   0x00000018   Code   RO         6098    i.SHCI_C2_Config    shci.o
    0x08003ed2   0x08003ed2   0x0000001a   Code   RO         6099    i.SHCI_C2_DEBUG_Init  shci.o
    0x08003eec   0x08003eec   0x00000080   Code   RO         6122    i.SHCI_GetWirelessFwInfo  shci.o
    0x08003f6c   0x08003f6c   0x00000048   Code   RO         4238    i.SPI_EndRxTxTransaction  stm32wbxx_hal_spi.o
    0x08003fb4   0x08003fb4   0x000000e0   Code   RO         4243    i.SPI_WaitFifoStateUntilTimeout  stm32wbxx_hal_spi.o
    0x08004094   0x08004094   0x000000b8   Code   RO         4244    i.SPI_WaitFlagStateUntilTimeout  stm32wbxx_hal_spi.o
    0x0800414c   0x0800414c   0x000000b0   Code   RO         5600    i.SVCCTL_App_Notification  app_ble.o
    0x080041fc   0x080041fc   0x00000018   Code   RO         8010    i.SVCCTL_Init       svc_ctl.o
    0x08004214   0x08004214   0x000002b4   Code   RO         5710    i.SVCCTL_InitCustomSvc  custom_stm.o
    0x080044c8   0x080044c8   0x00000014   Code   RO         8013    i.SVCCTL_RegisterSvcHandler  svc_ctl.o
    0x080044dc   0x080044dc   0x0000004c   Code   RO         8014    i.SVCCTL_SvcInit    svc_ctl.o
    0x08004528   0x08004528   0x00000054   Code   RO         8015    i.SVCCTL_UserEvtRx  svc_ctl.o
    0x0800457c   0x0800457c   0x00000002   Code   RO          974    i.SVC_Handler       stm32wbxx_it.o
    0x0800457e   0x0800457e   0x00000002   PAD
    0x08004580   0x08004580   0x0000002c   Code   RO         5960    i.SendFreeBuf       tl_mbox.o
    0x080045ac   0x080045ac   0x00000004   Code   RO          975    i.SysTick_Handler   stm32wbxx_it.o
    0x080045b0   0x080045b0   0x00000094   Code   RO           21    i.SystemClock_Config  main.o
    0x08004644   0x08004644   0x0000005c   Code   RO         5554    i.SystemInit        system_stm32wbxx.o
    0x080046a0   0x080046a0   0x0000000c   Code   RO          976    i.TIM1_UP_TIM16_IRQHandler  stm32wbxx_it.o
    0x080046ac   0x080046ac   0x0000006c   Code   RO         4635    i.TIM_Base_SetConfig  stm32wbxx_hal_tim.o
    0x08004718   0x08004718   0x0000001a   Code   RO         4636    i.TIM_CCxChannelCmd  stm32wbxx_hal_tim.o
    0x08004732   0x08004732   0x00000014   Code   RO         4646    i.TIM_ETR_SetConfig  stm32wbxx_hal_tim.o
    0x08004746   0x08004746   0x00000002   PAD
    0x08004748   0x08004748   0x00000014   Code   RO         4647    i.TIM_ITRx_SetConfig  stm32wbxx_hal_tim.o
    0x0800475c   0x0800475c   0x00000078   Code   RO         4648    i.TIM_OC1_SetConfig  stm32wbxx_hal_tim.o
    0x080047d4   0x080047d4   0x00000078   Code   RO         4649    i.TIM_OC2_SetConfig  stm32wbxx_hal_tim.o
    0x0800484c   0x0800484c   0x00000074   Code   RO         4650    i.TIM_OC3_SetConfig  stm32wbxx_hal_tim.o
    0x080048c0   0x080048c0   0x00000060   Code   RO         4651    i.TIM_OC4_SetConfig  stm32wbxx_hal_tim.o
    0x08004920   0x08004920   0x0000005c   Code   RO         4652    i.TIM_OC5_SetConfig  stm32wbxx_hal_tim.o
    0x0800497c   0x0800497c   0x0000005c   Code   RO         4653    i.TIM_OC6_SetConfig  stm32wbxx_hal_tim.o
    0x080049d8   0x080049d8   0x00000022   Code   RO         4655    i.TIM_TI1_ConfigInputStage  stm32wbxx_hal_tim.o
    0x080049fa   0x080049fa   0x00000024   Code   RO         4657    i.TIM_TI2_ConfigInputStage  stm32wbxx_hal_tim.o
    0x08004a1e   0x08004a1e   0x00000002   PAD
    0x08004a20   0x08004a20   0x00000040   Code   RO         5961    i.TL_BLE_Init       tl_mbox.o
    0x08004a60   0x08004a60   0x00000024   Code   RO         5963    i.TL_BLE_SendCmd    tl_mbox.o
    0x08004a84   0x08004a84   0x00000004   Code   RO         5964    i.TL_Enable         tl_mbox.o
    0x08004a88   0x08004a88   0x00000038   Code   RO         5965    i.TL_Init           tl_mbox.o
    0x08004ac0   0x08004ac0   0x00000028   Code   RO         5966    i.TL_MM_EvtDone     tl_mbox.o
    0x08004ae8   0x08004ae8   0x00000044   Code   RO         5967    i.TL_MM_Init        tl_mbox.o
    0x08004b2c   0x08004b2c   0x00000034   Code   RO         5968    i.TL_SYS_Init       tl_mbox.o
    0x08004b60   0x08004b60   0x00000024   Code   RO         5969    i.TL_SYS_SendCmd    tl_mbox.o
    0x08004b84   0x08004b84   0x00000002   Code   RO         5970    i.TL_TRACES_EvtReceived  tl_mbox.o
    0x08004b86   0x08004b86   0x00000002   PAD
    0x08004b88   0x08004b88   0x00000020   Code   RO         5971    i.TL_TRACES_Init    tl_mbox.o
    0x08004ba8   0x08004ba8   0x00000002   Code   RO         8016    i.TPS_Init          svc_ctl.o
    0x08004baa   0x08004baa   0x0000000a   Code   RO         7892    i.TlCmdEvtReceived  shci_tl.o
    0x08004bb4   0x08004bb4   0x00000038   Code   RO         7798    i.TlEvtReceived     hci_tl.o
    0x08004bec   0x08004bec   0x00000018   Code   RO         7893    i.TlUserEvtReceived  shci_tl.o
    0x08004c04   0x08004c04   0x00000010   Code   RO         8157    i.UTIL_LPM_Init     stm32_lpm.o
    0x08004c14   0x08004c14   0x00000024   Code   RO         8158    i.UTIL_LPM_SetOffMode  stm32_lpm.o
    0x08004c38   0x08004c38   0x00000008   Code   RO          459    i.UTIL_SEQ_EvtIdle  app_entry.o
    0x08004c40   0x08004c40   0x00000002   Code   RO          460    i.UTIL_SEQ_Idle     app_entry.o
    0x08004c42   0x08004c42   0x00000002   PAD
    0x08004c44   0x08004c44   0x00000018   Code   RO         8225    i.UTIL_SEQ_PauseTask  stm32_seq.o
    0x08004c5c   0x08004c5c   0x00000002   Code   RO         8226    i.UTIL_SEQ_PostIdle  stm32_seq.o
    0x08004c5e   0x08004c5e   0x00000002   Code   RO         8227    i.UTIL_SEQ_PreIdle  stm32_seq.o
    0x08004c60   0x08004c60   0x00000020   Code   RO         8228    i.UTIL_SEQ_RegTask  stm32_seq.o
    0x08004c80   0x08004c80   0x00000018   Code   RO         8229    i.UTIL_SEQ_ResumeTask  stm32_seq.o
    0x08004c98   0x08004c98   0x000000dc   Code   RO         8230    i.UTIL_SEQ_Run      stm32_seq.o
    0x08004d74   0x08004d74   0x00000018   Code   RO         8231    i.UTIL_SEQ_SetEvt   stm32_seq.o
    0x08004d8c   0x08004d8c   0x0000002c   Code   RO         8232    i.UTIL_SEQ_SetTask  stm32_seq.o
    0x08004db8   0x08004db8   0x00000048   Code   RO         8233    i.UTIL_SEQ_WaitEvt  stm32_seq.o
    0x08004e00   0x08004e00   0x00000058   Code   RO          768    i.UnlinkTimer       hw_timerserver.o
    0x08004e58   0x08004e58   0x00000002   Code   RO          977    i.UsageFault_Handler  stm32wbxx_it.o
    0x08004e5a   0x08004e5a   0x00000002   Code   RO         8017    i.ZDD_STM_Init      svc_ctl.o
    0x08004e5c   0x08004e5c   0x00000020   Code   RO         2695    i.__NVIC_SetPriority  stm32wbxx_hal_cortex.o
    0x08004e7c   0x08004e7c   0x00000040   Code   RO         6563    i.aci_gap_configure_whitelist  ble_gap_aci.o
    0x08004ebc   0x08004ebc   0x00000084   Code   RO         6569    i.aci_gap_init      ble_gap_aci.o
    0x08004f40   0x08004f40   0x00000050   Code   RO         6571    i.aci_gap_numeric_comparison_value_confirm_yesno  ble_gap_aci.o
    0x08004f90   0x08004f90   0x00000050   Code   RO         6572    i.aci_gap_pass_key_resp  ble_gap_aci.o
    0x08004fe0   0x08004fe0   0x00000072   Code   RO         6577    i.aci_gap_set_authentication_requirement  ble_gap_aci.o
    0x08005052   0x08005052   0x000000a2   Code   RO         6581    i.aci_gap_set_discoverable  ble_gap_aci.o
    0x080050f4   0x080050f4   0x0000004a   Code   RO         6583    i.aci_gap_set_io_capability  ble_gap_aci.o
    0x0800513e   0x0800513e   0x00000040   Code   RO         6586    i.aci_gap_set_non_discoverable  ble_gap_aci.o
    0x0800517e   0x0800517e   0x00000058   Code   RO         6599    i.aci_gap_update_adv_data  ble_gap_aci.o
    0x080051d6   0x080051d6   0x000000be   Code   RO         6882    i.aci_gatt_add_char  ble_gatt_aci.o
    0x08005294   0x08005294   0x000000aa   Code   RO         6884    i.aci_gatt_add_service  ble_gatt_aci.o
    0x0800533e   0x0800533e   0x00000042   Code   RO         6899    i.aci_gatt_init     ble_gatt_aci.o
    0x08005380   0x08005380   0x0000006c   Code   RO         6912    i.aci_gatt_update_char_value  ble_gatt_aci.o
    0x080053ec   0x080053ec   0x00000070   Code   RO         6919    i.aci_gatt_write_resp  ble_gatt_aci.o
    0x0800545c   0x0800545c   0x0000004a   Code   RO         7163    i.aci_hal_set_radio_activity_mask  ble_hal_aci.o
    0x080054a6   0x080054a6   0x00000050   Code   RO         7165    i.aci_hal_set_tx_power_level  ble_hal_aci.o
    0x080054f6   0x080054f6   0x00000062   Code   RO         7169    i.aci_hal_write_config_data  ble_hal_aci.o
    0x08005558   0x08005558   0x00000006   Code   RO         5602    i.hci_cmd_resp_release  app_ble.o
    0x0800555e   0x0800555e   0x00000006   Code   RO         5603    i.hci_cmd_resp_wait  app_ble.o
    0x08005564   0x08005564   0x00000050   Code   RO         7801    i.hci_init          hci_tl.o
    0x080055b4   0x080055b4   0x00000054   Code   RO         7318    i.hci_le_set_default_phy  ble_hci_le.o
    0x08005608   0x08005608   0x00000008   Code   RO         5604    i.hci_notify_asynch_evt  app_ble.o
    0x08005610   0x08005610   0x00000014   Code   RO         7867    i.hci_register_io_bus  hci_tl_if.o
    0x08005624   0x08005624   0x0000003e   Code   RO         7345    i.hci_reset         ble_hci_le.o
    0x08005662   0x08005662   0x00000002   PAD
    0x08005664   0x08005664   0x000000b4   Code   RO         7803    i.hci_send_req      hci_tl.o
    0x08005718   0x08005718   0x0000006c   Code   RO         7804    i.hci_user_evt_proc  hci_tl.o
    0x08005784   0x08005784   0x000000ac   Code   RO          769    i.linkTimer         hw_timerserver.o
    0x08005830   0x08005830   0x00000128   Code   RO           22    i.main              main.o
    0x08005958   0x08005958   0x00000038   Code   RO         8535    i.read_register     stm32_cap1203.o
    0x08005990   0x08005990   0x00000006   Code   RO          461    i.shci_cmd_resp_release  app_entry.o
    0x08005996   0x08005996   0x00000006   Code   RO          462    i.shci_cmd_resp_wait  app_entry.o
    0x0800599c   0x0800599c   0x00000058   Code   RO         7896    i.shci_init         shci_tl.o
    0x080059f4   0x080059f4   0x00000008   Code   RO          463    i.shci_notify_asynch_evt  app_entry.o
    0x080059fc   0x080059fc   0x00000014   Code   RO         7965    i.shci_register_io_bus  shci_tl_if.o
    0x08005a10   0x08005a10   0x0000005c   Code   RO         7898    i.shci_send         shci_tl.o
    0x08005a6c   0x08005a6c   0x0000006c   Code   RO         7899    i.shci_user_evt_proc  shci_tl.o
    0x08005ad8   0x08005ad8   0x00000034   Code   RO         8349    i.ssd1306_DrawPixel  ssd1306.o
    0x08005b0c   0x08005b0c   0x00000020   Code   RO         8351    i.ssd1306_Fill      ssd1306.o
    0x08005b2c   0x08005b2c   0x000000b8   Code   RO         8354    i.ssd1306_Init      ssd1306.o
    0x08005be4   0x08005be4   0x00000028   Code   RO         8358    i.ssd1306_Reset     ssd1306.o
    0x08005c0c   0x08005c0c   0x00000014   Code   RO         8359    i.ssd1306_SetContrast  ssd1306.o
    0x08005c20   0x08005c20   0x0000000c   Code   RO         8360    i.ssd1306_SetCursor  ssd1306.o
    0x08005c2c   0x08005c2c   0x00000018   Code   RO         8361    i.ssd1306_SetDisplayOn  ssd1306.o
    0x08005c44   0x08005c44   0x00000038   Code   RO         8362    i.ssd1306_UpdateScreen  ssd1306.o
    0x08005c7c   0x08005c7c   0x00000090   Code   RO         8363    i.ssd1306_WriteChar  ssd1306.o
    0x08005d0c   0x08005d0c   0x00000038   Code   RO         8364    i.ssd1306_WriteCommand  ssd1306.o
    0x08005d44   0x08005d44   0x00000040   Code   RO         8365    i.ssd1306_WriteData  ssd1306.o
    0x08005d84   0x08005d84   0x0000002c   Code   RO         8366    i.ssd1306_WriteString  ssd1306.o
    0x08005db0   0x08005db0   0x00000064   Code   RO           24    i.thread_oled_auto_off  main.o
    0x08005e14   0x08005e14   0x00000318   Code   RO           25    i.thread_oled_data  main.o
    0x0800612c   0x0800612c   0x00000094   Code   RO           26    i.thread_pageclick  main.o
    0x080061c0   0x080061c0   0x00000164   Code   RO           27    i.thread_touchdetection  main.o
    0x08006324   0x08006324   0x00000020   Code   RO         8536    i.write_register    stm32_cap1203.o
    0x08006344   0x08006344   0x0000000a   Code   RO         9192    x$fpl$fpinit        fz_wm.l(fpinit.o)
    0x0800634e   0x0800634e   0x00000002   PAD
    0x08006350   0x08006350   0x0000014b   Data   RO          693    .constdata          app_debug.o
    0x0800649b   0x0800649b   0x00000001   PAD
    0x0800649c   0x0800649c   0x0000002c   Data   RO         1304    .constdata          stm32wbxx_hal_rcc.o
    0x080064c8   0x080064c8   0x00000080   Data   RO         5555    .constdata          system_stm32wbxx.o
    0x08006548   0x08006548   0x00000059   Data   RO         5605    .constdata          app_ble.o
    0x080065a1   0x080065a1   0x00000010   Data   RO         8235    .constdata          stm32_seq.o
    0x080065b1   0x080065b1   0x00000001   PAD
    0x080065b2   0x080065b2   0x0000076c   Data   RO         8497    .constdata          ssd1306_fonts.o
    0x08006d1e   0x08006d1e   0x000005f0   Data   RO         8499    .constdata          ssd1306_fonts.o
    0x0800730e   0x0800730e   0x00000002   PAD
    0x08007310   0x08007310   0x00000030   Data   RO         9273    Region$$Table       anon$$obj.o


    Execution Region RW_IRAM1 (Exec base: 0x20000008, Load base: 0x08007340, Size: 0x00001038, Max: 0x00007ff8, ABSOLUTE, COMPRESSED[0x00000038])

    Exec Addr    Load Addr    Size         Type   Attr      Idx    E Section Name        Object

    0x20000008   COMPRESSED   0x00000041   Data   RW           31    .data               main.o
    0x20000049   COMPRESSED   0x00000003   PAD
    0x2000004c   COMPRESSED   0x0000000c   Data   RW          770    .data               hw_timerserver.o
    0x20000058   COMPRESSED   0x0000000c   Data   RW         2847    .data               stm32wbxx_hal.o
    0x20000064   COMPRESSED   0x00000004   Data   RW         5558    .data               system_stm32wbxx.o
    0x20000068   COMPRESSED   0x00000016   Data   RW         5606    .data               app_ble.o
    0x2000007e   COMPRESSED   0x00000004   Data   RW         5777    .data               custom_app.o
    0x20000082   COMPRESSED   0x00000002   PAD
    0x20000084   COMPRESSED   0x00000004   Data   RW         5834    .data               hw_ipcc.o
    0x20000088   COMPRESSED   0x0000001c   Data   RW         5972    .data               tl_mbox.o
    0x200000a4   COMPRESSED   0x00000010   Data   RW         7806    .data               hci_tl.o
    0x200000b4   COMPRESSED   0x00000008   Data   RW         7901    .data               shci_tl.o
    0x200000bc   COMPRESSED   0x00000008   Data   RW         8160    .data               stm32_lpm.o
    0x200000c4   COMPRESSED   0x00000018   Data   RW         8236    .data               stm32_seq.o
    0x200000dc   COMPRESSED   0x00000008   Data   RW         8368    .data               ssd1306.o
    0x200000e4   COMPRESSED   0x00000008   Data   RW         8500    .data               ssd1306_fonts.o
    0x200000ec   COMPRESSED   0x00000008   Data   RW         8501    .data               ssd1306_fonts.o
    0x200000f4   COMPRESSED   0x00000002   Data   RW         8538    .data               stm32_cap1203.o
    0x200000f6   COMPRESSED   0x00000002   PAD
    0x200000f8   COMPRESSED   0x00000084   Data   RW         5607    BLE_APP_CONTEXT     app_ble.o
    0x2000017c   COMPRESSED   0x0000000c   Data   RW         5711    BLE_DRIVER_CONTEXT  custom_stm.o
    0x20000188   COMPRESSED   0x00000010   Data   RW         7808    BLE_DRIVER_CONTEXT  hci_tl.o
    0x20000198   COMPRESSED   0x00000024   Data   RW         8018    BLE_DRIVER_CONTEXT  svc_ctl.o
    0x200001bc   COMPRESSED   0x00000010   Data   RW         7902    SYSTEM_DRIVER_CONTEXT  shci_tl.o
    0x200001cc   COMPRESSED   0x00000098   Data   RW          771    TIMERSERVER_CONTEXT  hw_timerserver.o
    0x20000264        -       0x000001dc   Zero   RW           30    .bss                main.o
    0x20000440        -       0x00000080   Zero   RW         5773    .bss                custom_app.o
    0x200004c0        -       0x00000020   Zero   RW         7805    .bss                hci_tl.o
    0x200004e0        -       0x00000020   Zero   RW         7900    .bss                shci_tl.o
    0x20000500        -       0x00000090   Zero   RW         8234    .bss                stm32_seq.o
    0x20000590        -       0x00000400   Zero   RW         8367    .bss                ssd1306.o
    0x20000990        -       0x0000004c   Zero   RW         8537    .bss                stm32_cap1203.o
    0x200009dc        -       0x00000060   Zero   RW         8942    .bss                c_w.l(libspace.o)
    0x20000a3c   COMPRESSED   0x00000004   PAD
    0x20000a40        -       0x00000200   Zero   RW            2    HEAP                startup_stm32wb35xx_cm4.o
    0x20000c40        -       0x00000400   Zero   RW            1    STACK               startup_stm32wb35xx_cm4.o


    Execution Region RW_RAM_SHARED (Exec base: 0x20030000, Load base: 0x08007378, Size: 0x00000a58, Max: 0x00002800, ABSOLUTE, COMPRESSED[0x00000018])

    Exec Addr    Load Addr    Size         Type   Attr      Idx    E Section Name        Object

    0x20030000   COMPRESSED   0x00000028   Data   RW         5973    MAPPING_TABLE       tl_mbox.o
    0x20030028   COMPRESSED   0x0000010b   Data   RW         5608    MB_MEM1             app_ble.o
    0x20030133   COMPRESSED   0x00000001   PAD
    0x20030134   COMPRESSED   0x000000ac   Data   RW         5974    MB_MEM1             tl_mbox.o
    0x200301e0   COMPRESSED   0x0000085e   Data   RW          464    MB_MEM2             app_entry.o
    0x20030a3e   COMPRESSED   0x00000002   PAD
    0x20030a40   COMPRESSED   0x00000004   Data   RW          694    MB_MEM2             app_debug.o
    0x20030a44   COMPRESSED   0x00000004   Data   RW          695    MB_MEM2             app_debug.o
    0x20030a48   COMPRESSED   0x0000000f   Data   RW         5975    MB_MEM2             tl_mbox.o


==============================================================================

Image component sizes


      Code (inc. data)   RO Data    RW Data    ZI Data      Debug   Object Name

       764         92         89        421          0      17663   app_ble.o
       338         22        331          8          0      26862   app_debug.o
       564         60          0       2142          0     116149   app_entry.o
       858          0          0          0          0      59747   ble_gap_aci.o
       646          0          0          0          0       6406   ble_gatt_aci.o
       252          0          0          0          0       3299   ble_hal_aci.o
       146          0          0          0          0       2441   ble_hci_le.o
       290         54          0          4        128       3520   custom_app.o
       872         14          0         12          0      11817   custom_stm.o
       452         52          0         32         32       5330   hci_tl.o
        20         10          0          0          0       1070   hci_tl_if.o
       512         58          0          4          0      40059   hw_ipcc.o
      1486        114          0        164          0      21870   hw_timerserver.o
      2518        170          0         65        476     788364   main.o
         8          0          0          0          0       1356   osal.o
        40         10          0          0          0       1023   otp.o
       204         12          0          0          0       4978   shci.o
       366         54          0         24         32       5489   shci_tl.o
        20         10          0          0          0       5363   shci_tl_if.o
       728         46          0          8       1024       9593   ssd1306.o
         0          0       3420         16          0       1104   ssd1306_fonts.o
        64         26        316          0       1536        868   startup_stm32wb35xx_cm4.o
       386         20          0          2         76       9658   stm32_cap1203.o
        52         10          0          8          0       6926   stm32_lpm.o
       496         48         16         24        144       8434   stm32_seq.o
       192         38          0         12          0      35476   stm32wbxx_hal.o
       284         14          0          0          0      36097   stm32wbxx_hal_cortex.o
       544         28          0          0          0       3548   stm32wbxx_hal_gpio.o
        34          6          0          0          0       1202   stm32wbxx_hal_hsem.o
      1446         40          0          0          0      11042   stm32wbxx_hal_i2c.o
       168          0          0          0          0       1963   stm32wbxx_hal_i2c_ex.o
       120         14          0          0          0       3963   stm32wbxx_hal_ipcc.o
       546         34          0          0          0      46740   stm32wbxx_hal_msp.o
        36         10          0          0          0       1170   stm32wbxx_hal_pwr.o
        16          6          0          0          0        592   stm32wbxx_hal_pwr_ex.o
      2464         68         44          0          0      46338   stm32wbxx_hal_rcc.o
      1020          0          0          0          0      40260   stm32wbxx_hal_rcc_ex.o
       312          6          0          0          0       2980   stm32wbxx_hal_rtc.o
       256          6          0          0          0       2026   stm32wbxx_hal_rtc_ex.o
      1096         10          0          0          0       5974   stm32wbxx_hal_spi.o
      2196        140          0          0          0      18722   stm32wbxx_hal_tim.o
       270         12          0          0          0       4344   stm32wbxx_hal_tim_ex.o
        84         16          0          0          0       7312   stm32wbxx_it.o
       126          0          0          0          0       5339   stm_list.o
       238         16          0         36          0      12689   svc_ctl.o
        92         14        128          4          0       1344   system_stm32wbxx.o
       632        126          0        255          0      13246   tl_mbox.o

    ----------------------------------------------------------------------
     24304       1486       4396       3252       3448    1461756   Object Totals
         0          0         48          0          0          0   (incl. Generated)
        50          0          4         11          0          0   (incl. Padding)

    ----------------------------------------------------------------------

      Code (inc. data)   RO Data    RW Data    ZI Data      Debug   Library Member Name

        58          0          0          0          0          0   __dczerorl.o
         8          0          0          0          0         68   __main.o
         0          0          0          0          0          0   __rtentry.o
        12          0          0          0          0          0   __rtentry2.o
         6          0          0          0          0          0   __rtentry4.o
        52          8          0          0          0          0   __scatter.o
        28          0          0          0          0          0   __scatter_zi.o
        18          0          0          0          0         80   exit.o
         6          0          0          0          0        152   heapauxi.o
         0          0          0          0          0          0   indicate_semi.o
         2          0          0          0          0          0   libinit.o
         6          0          0          0          0          0   libinit2.o
         2          0          0          0          0          0   libshutdown.o
         2          0          0          0          0          0   libshutdown2.o
         8          4          0          0         96         68   libspace.o
         8          0          0          0          0         76   memcpy.o
        22          0          0          0          0         76   memset.o
        68          0          0          0          0         68   rt_memclr.o
        78          0          0          0          0         80   rt_memclr_w.o
       138          0          0          0          0         68   rt_memcpy_v6.o
       100          0          0          0          0         80   rt_memcpy_w.o
         2          0          0          0          0          0   rtexit.o
        10          0          0          0          0          0   rtexit2.o
        62          0          0          0          0         76   strlen.o
        12          4          0          0          0         68   sys_exit.o
        74          0          0          0          0         80   sys_stackheap_outer.o
         2          0          0          0          0         68   use_no_semi.o
        10          0          0          0          0        116   fpinit.o

    ----------------------------------------------------------------------
       804         16          0          0        100       1224   Library Totals
        10          0          0          0          4          0   (incl. Padding)

    ----------------------------------------------------------------------

      Code (inc. data)   RO Data    RW Data    ZI Data      Debug   Library Name

       784         16          0          0         96       1108   c_w.l
        10          0          0          0          0        116   fz_wm.l

    ----------------------------------------------------------------------
       804         16          0          0        100       1224   Library Totals

    ----------------------------------------------------------------------

==============================================================================


      Code (inc. data)   RO Data    RW Data    ZI Data      Debug   

     25108       1502       4396       3252       3548    1430160   Grand Totals
     25108       1502       4396         80       3548    1430160   ELF Image Totals (compressed)
     25108       1502       4396         80          0          0   ROM Totals

==============================================================================

    Total RO  Size (Code + RO Data)                29504 (  28.81kB)
    Total RW  Size (RW Data + ZI Data)              6800 (   6.64kB)
    Total ROM Size (Code + RO Data + RW Data)      29584 (  28.89kB)

==============================================================================

