<html>
<body>
<pre>
<h1>µVision Build Log</h1>
<h2>Tool Versions:</h2>
IDE-Version: µVision V5.32.0.0
Copyright (C) 2020 ARM Ltd and ARM Germany GmbH. All rights reserved.
License Information: Lukas Adelbrecht, FH Kärnten, LIC=KIVLN-HUMGB-EWWQQ-69LJY-14VUR-YESX7
 
Tool Versions:
Toolchain:       MDK-ARM Professional  Version: 5.32.0.0
Toolchain Path:  D:\Keil_v5\ARM\ARMCC\Bin
C Compiler:      Armcc.exe V5.06 update 7 (build 960)
Assembler:       Armasm.exe V5.06 update 7 (build 960)
Linker/Locator:  ArmLink.exe V5.06 update 7 (build 960)
Library Manager: ArmAr.exe V5.06 update 7 (build 960)
Hex Converter:   FromElf.exe V5.06 update 7 (build 960)
CPU DLL:         SARMCM3.DLL V5.32.0.0
Dialog DLL:      DCM.DLL V1.17.3.0
Target DLL:      STLink\ST-LINKIII-KEIL_SWO.dll V3.0.8.0
Dialog DLL:      TCM.DLL V1.46.0.0
 
<h2>Project:</h2>
D:\FH\Projekt 4.-5. Semester\Glasses_Firmware\Glasses_V0.1_BLE\MDK-ARM\WB35Test.uvprojx
Project File Date:  01/16/2022

<h2>Output:</h2>
*** Using Compiler 'V5.06 update 7 (build 960)', folder: 'D:\Keil_v5\ARM\ARMCC\Bin'
Build target 'WB35Test'
compiling custom_app.c...
compiling main.c...
.\RTE\ssd1306.h(123): warning:  #1295-D: Deprecated declaration ssd1306_GetDisplayOn - give arg types
  uint8_t ssd1306_GetDisplayOn();
../Core/Src/main.c(113): warning:  #1295-D: Deprecated declaration thread_oled_data - give arg types
  void thread_oled_data(); 
../Core/Src/main.c(114): warning:  #1295-D: Deprecated declaration timeupdate - give arg types
  void timeupdate();
../Core/Src/main.c(115): warning:  #1295-D: Deprecated declaration touchhelper - give arg types
  void touchhelper();
../Core/Src/main.c(116): warning:  #1295-D: Deprecated declaration pageclickhelper - give arg types
  void pageclickhelper();
../Core/Src/main.c(117): warning:  #1295-D: Deprecated declaration thread_touchdetection - give arg types
  void thread_touchdetection();
../Core/Src/main.c(118): warning:  #1295-D: Deprecated declaration thread_pageclick - give arg types
  void thread_pageclick();
../Core/Src/main.c(119): warning:  #1295-D: Deprecated declaration thread_oled_auto_off - give arg types
  void thread_oled_auto_off();
../Core/Src/main.c: 8 warnings, 0 errors
linking...
Program Size: Code=25088 RO-data=4396 RW-data=3252 ZI-data=3548  
FromELF: creating hex file...
"WB35Test\WB35Test.axf" - 0 Error(s), 8 Warning(s).

<h2>Software Packages used:</h2>

Package Vendor: ARM
                http://www.keil.com/pack/ARM.CMSIS.5.8.0.pack
                ARM.CMSIS.5.8.0
                CMSIS (Common Microcontroller Software Interface Standard)
   * Component: CORE Version: 5.5.0

Package Vendor: Keil
                http://www.keil.com/pack/Keil.STM32WBxx_DFP.1.2.0.pack
                Keil.STM32WBxx_DFP.1.2.0
                STMicroelectronics STM32WB Series Device Support

<h2>Collection of Component include folders:</h2>
  .\RTE\_WB35Test
  C:\Users\Lukas\AppData\Local\Arm\Packs\ARM\CMSIS\5.8.0\CMSIS\Core\Include
  C:\Users\Lukas\AppData\Local\Arm\Packs\Keil\STM32WBxx_DFP\1.2.0\Drivers\CMSIS\Device\ST\STM32WBxx\Include

<h2>Collection of Component Files used:</h2>

   * Component: ARM::CMSIS:CORE:5.5.0
      Include file:  CMSIS\Core\Include\tz_context.h
Build Time Elapsed:  00:00:03
</pre>
</body>
</html>
